Plan 'fast' on local GPU (b580); results in /mnt/linux-share/hmz-campaigns/roofline-study/b580/igpu-roofline/results/et-study-20261010/fedora/b580
319 configurations before confirmation; sustained: yes
3 matrix shapes are not compiled; see matrix-coverage.json
  offline ISA skipped: no public offline compiler for this GPU
=== b580 validate (31 configurations)
b580 probe alu_fp32_v4_c16 PASS 5.9983 ms
b580 probe validate_start 11.680 TFLOP/s
b580 validate mem_read_v4 PASS 0.0053 ms
b580 validate mem_write_v4 PASS 0.0085 ms
b580 validate mem_copy_v4 PASS 0.0117 ms
b580 validate mem_copy_v4 PASS 0.0117 ms
b580 validate mem_scale_v4 PASS 0.0122 ms
b580 validate mem_add_v4 PASS 0.0129 ms
b580 validate mem_triad_v4 PASS 0.0128 ms
b580 validate mem_dot_v4 PASS 0.0144 ms
b580 validate mem_copy_v4_volatile PASS 0.0169 ms
b580 validate alu_fp32_v1_c4 PASS 0.0131 ms
b580 validate alu_fp32_v4_c4 PASS 0.0344 ms
b580 validate alu_fp16_v2_c4 PASS 0.0152 ms
b580 validate sharedbw_fp32_v4_op0 PASS 0.0268 ms
b580 validate sharedbw_fp16_v4_op0 PASS 0.0183 ms
b580 validate sharedbw_fp32_v4_op2 PASS 0.0152 ms
b580 validate sharedbw_fp16_v1_op2 PASS 0.0110 ms
b580 validate shared_fp32_v4_op0_xlanes_volatile PASS 0.0108 ms
b580 validate shared_fp32_v4_op1_xlanes_volatile PASS 0.0143 ms
b580 validate dot8_c4 PASS 0.0097 ms
b580 validate pchase PASS 0.1055 ms
b580 validate ert_f1 PASS 0.0182 ms
b580 validate ert_f64 PASS 0.1290 ms
b580 validate matrix_fp16_8x16x16_c1 PASS 0.0070 ms
b580 validate matrix_fp16_8x16x16_c1_lds PASS 0.0129 ms
b580 validate matrix_fp16_8x16x16_c1_gmem PASS 0.0187 ms
b580 validate matrix_fp16_fp32_8x16x16_c1 PASS 0.0070 ms
b580 validate matrix_fp16_fp32_8x16x16_c1_lds PASS 0.0130 ms
b580 validate matrix_fp16_fp32_8x16x16_c1_gmem PASS 0.0187 ms
b580 validate matrix_int8_8x16x32_c1 PASS 0.0070 ms
b580 validate matrix_int8_8x16x32_c1_lds PASS 0.0270 ms
b580 validate matrix_int8_8x16x32_c1_gmem PASS 0.0251 ms
b580 probe alu_fp32_v4_c16 PASS 5.9983 ms
b580 probe validate_end 11.680 TFLOP/s
=== b580 cache (18 configurations)
b580 probe cache_start REUSE probe/alu_fp32_v4_c16_c484d5e7d8ae.jsonl
b580 sweep-cache mem_read_v4 PASS 6.5110 ms
b580 sweep-cache mem_read_v4 PASS 6.5109 ms
b580 sweep-cache mem_read_v4 PASS 6.4955 ms
b580 sweep-cache mem_read_v4 PASS 6.4949 ms
b580 sweep-cache mem_read_v4 PASS 6.5604 ms
b580 sweep-cache mem_read_v4 PASS 6.5605 ms
b580 sweep-cache mem_read_v4 PASS 6.5604 ms
b580 sweep-cache mem_read_v4 PASS 6.5696 ms
b580 sweep-cache mem_read_v4 PASS 6.5609 ms
b580 sweep-cache mem_read_v4 PASS 5.9079 ms
b580 sweep-cache mem_read_v4 PASS 5.8980 ms
b580 sweep-cache mem_read_v4 PASS 5.4256 ms
b580 sweep-cache mem_read_v4 PASS 5.9873 ms
b580 sweep-cache mem_read_v4 PASS 5.9730 ms
b580 sweep-cache mem_read_v4 PASS 6.0085 ms
b580 sweep-cache mem_read_v4 PASS 5.9093 ms
b580 sweep-cache mem_read_v4 PASS 19.7258 ms
b580 sweep-cache mem_read_v4 PASS 5.8588 ms
b580 probe alu_fp32_v4_c16 PASS 5.9983 ms
b580 probe cache_end 11.680 TFLOP/s
=== b580 memory (8 configurations)
b580 probe memory_start REUSE probe/alu_fp32_v4_c16_06395620f5ab.jsonl
b580 sweep-memory mem_read_v4 PASS 5.7782 ms
b580 sweep-memory mem_read_v4 PASS 5.9825 ms
b580 probe alu_fp32_v4_c16 PASS 5.9983 ms
b580 probe sweep-memory_20 11.680 TFLOP/s
b580 sweep-memory mem_write_v4 PASS 5.9919 ms
b580 sweep-memory mem_write_v4 PASS 7.0715 ms
b580 sweep-memory mem_copy_v4 PASS 5.9480 ms
b580 sweep-memory mem_copy_v4 PASS 7.0108 ms
b580 sweep-memory mem_triad_v4 PASS 5.8197 ms
b580 sweep-memory mem_triad_v4 PASS 6.8183 ms
b580 probe alu_fp32_v4_c16 PASS 5.9982 ms
b580 probe memory_end 11.680 TFLOP/s
=== b580 compute (148 configurations)
b580 probe compute_start REUSE probe/alu_fp32_v4_c16_b0727254fd8c.jsonl
b580 sweep-compute alu_fp32_v1_c1 PASS 6.0035 ms
b580 sweep-compute alu_fp32_v1_c1 PASS 6.0250 ms
b580 sweep-compute alu_fp32_v1_c1 PASS 5.3646 ms
b580 sweep-compute alu_fp32_v1_c1 PASS 5.8802 ms
b580 sweep-compute alu_fp32_v1_c2 PASS 5.9996 ms
b580 sweep-compute alu_fp32_v1_c2 PASS 5.7876 ms
b580 sweep-compute alu_fp32_v1_c2 PASS 5.8897 ms
b580 sweep-compute alu_fp32_v1_c2 PASS 5.8147 ms
b580 sweep-compute alu_fp32_v1_c4 PASS 5.7887 ms
b580 sweep-compute alu_fp32_v1_c4 PASS 5.9163 ms
b580 sweep-compute alu_fp32_v1_c4 PASS 5.8746 ms
b580 sweep-compute alu_fp32_v1_c4 PASS 6.0056 ms
b580 sweep-compute alu_fp32_v1_c8 PASS 6.0017 ms
b580 sweep-compute alu_fp32_v1_c8 PASS 5.9007 ms
b580 probe alu_fp32_v4_c16 PASS 5.9983 ms
b580 probe sweep-compute_40 11.680 TFLOP/s
b580 sweep-compute alu_fp32_v1_c8 PASS 6.0062 ms
b580 sweep-compute alu_fp32_v1_c8 PASS 6.2873 ms
b580 sweep-compute alu_fp32_v1_c16 PASS 5.8799 ms
b580 sweep-compute alu_fp32_v1_c16 PASS 6.6829 ms
b580 sweep-compute alu_fp32_v1_c16 PASS 5.8871 ms
b580 sweep-compute alu_fp32_v1_c16 PASS 5.4179 ms
b580 sweep-compute alu_fp16_v1_c1 PASS 5.8943 ms
b580 sweep-compute alu_fp16_v1_c1 PASS 5.8737 ms
b580 sweep-compute alu_fp16_v1_c1 PASS 5.5186 ms
b580 sweep-compute alu_fp16_v1_c1 PASS 5.7732 ms
b580 sweep-compute alu_fp16_v1_c2 PASS 5.8403 ms
b580 sweep-compute alu_fp16_v1_c2 PASS 5.6848 ms
b580 sweep-compute alu_fp16_v1_c2 PASS 5.0448 ms
b580 sweep-compute alu_fp16_v1_c2 PASS 5.8651 ms
b580 sweep-compute alu_fp16_v1_c4 PASS 5.9996 ms
b580 sweep-compute alu_fp16_v1_c4 PASS 5.8458 ms
b580 sweep-compute alu_fp16_v1_c4 PASS 5.2615 ms
b580 sweep-compute alu_fp16_v1_c4 PASS 5.3589 ms
b580 sweep-compute alu_fp16_v1_c8 PASS 5.8926 ms
b580 sweep-compute alu_fp16_v1_c8 PASS 6.0076 ms
b580 probe alu_fp32_v4_c16 PASS 5.9981 ms
b580 probe sweep-compute_60 11.681 TFLOP/s
b580 sweep-compute alu_fp16_v1_c8 PASS 5.8334 ms
b580 sweep-compute alu_fp16_v1_c8 PASS 5.1695 ms
b580 sweep-compute alu_fp16_v1_c16 PASS 5.8264 ms
b580 sweep-compute alu_fp16_v1_c16 PASS 5.8756 ms
b580 sweep-compute alu_fp16_v1_c16 PASS 5.9548 ms
b580 sweep-compute alu_fp16_v1_c16 PASS 5.8012 ms
b580 sweep-compute alu_fp32_v2_c1 PASS 5.9956 ms
b580 sweep-compute alu_fp32_v2_c1 PASS 5.8598 ms
b580 sweep-compute alu_fp32_v2_c1 PASS 5.8542 ms
b580 sweep-compute alu_fp32_v2_c1 PASS 5.8974 ms
b580 sweep-compute alu_fp32_v2_c2 PASS 6.0026 ms
b580 sweep-compute alu_fp32_v2_c2 PASS 5.0592 ms
b580 sweep-compute alu_fp32_v2_c2 PASS 6.0049 ms
b580 sweep-compute alu_fp32_v2_c2 PASS 5.9007 ms
b580 sweep-compute alu_fp32_v2_c4 PASS 5.4562 ms
b580 sweep-compute alu_fp32_v2_c4 PASS 5.3717 ms
b580 sweep-compute alu_fp32_v2_c4 PASS 5.0573 ms
b580 sweep-compute alu_fp32_v2_c4 PASS 6.0134 ms
b580 sweep-compute alu_fp32_v2_c8 PASS 5.8988 ms
b580 sweep-compute alu_fp32_v2_c8 PASS 5.9751 ms
b580 probe alu_fp32_v4_c16 PASS 5.9983 ms
b580 probe sweep-compute_80 11.680 TFLOP/s
b580 sweep-compute alu_fp32_v2_c8 PASS 5.8997 ms
b580 sweep-compute alu_fp32_v2_c8 PASS 5.5704 ms
b580 sweep-compute alu_fp32_v2_c16 PASS 5.0467 ms
b580 sweep-compute alu_fp32_v2_c16 PASS 5.9915 ms
b580 sweep-compute alu_fp32_v2_c16 PASS 5.3627 ms
b580 sweep-compute alu_fp32_v2_c16 PASS 5.9881 ms
b580 sweep-compute alu_fp16_v2_c1 PASS 5.4304 ms
b580 sweep-compute alu_fp16_v2_c1 PASS 5.9966 ms
b580 sweep-compute alu_fp16_v2_c1 PASS 5.7530 ms
b580 sweep-compute alu_fp16_v2_c1 PASS 5.9949 ms
b580 sweep-compute alu_fp16_v2_c2 PASS 5.9990 ms
b580 sweep-compute alu_fp16_v2_c2 PASS 5.5847 ms
b580 sweep-compute alu_fp16_v2_c2 PASS 5.8906 ms
b580 sweep-compute alu_fp16_v2_c2 PASS 5.0300 ms
b580 sweep-compute alu_fp16_v2_c4 PASS 5.9907 ms
b580 sweep-compute alu_fp16_v2_c4 PASS 5.7351 ms
b580 sweep-compute alu_fp16_v2_c4 PASS 5.5389 ms
b580 sweep-compute alu_fp16_v2_c4 PASS 5.1586 ms
b580 sweep-compute alu_fp16_v2_c8 PASS 5.6303 ms
b580 sweep-compute alu_fp16_v2_c8 PASS 5.8888 ms
b580 probe alu_fp32_v4_c16 PASS 5.9982 ms
b580 probe sweep-compute_100 11.680 TFLOP/s
b580 sweep-compute alu_fp16_v2_c8 PASS 5.8523 ms
b580 sweep-compute alu_fp16_v2_c8 PASS 5.4957 ms
b580 sweep-compute alu_fp16_v2_c16 PASS 5.9026 ms
b580 sweep-compute alu_fp16_v2_c16 PASS 6.0116 ms
b580 sweep-compute alu_fp16_v2_c16 PASS 5.9550 ms
b580 sweep-compute alu_fp16_v2_c16 PASS 6.1004 ms
b580 sweep-compute alu_fp32_v4_c1 PASS 5.8948 ms
b580 sweep-compute alu_fp32_v4_c1 PASS 6.0036 ms
b580 sweep-compute alu_fp32_v4_c1 PASS 6.0057 ms
b580 sweep-compute alu_fp32_v4_c1 PASS 5.9004 ms
b580 sweep-compute alu_fp32_v4_c2 PASS 5.5659 ms
b580 sweep-compute alu_fp32_v4_c2 PASS 5.9160 ms
b580 sweep-compute alu_fp32_v4_c2 PASS 6.0079 ms
b580 sweep-compute alu_fp32_v4_c2 PASS 6.0353 ms
b580 sweep-compute alu_fp32_v4_c4 PASS 5.8955 ms
b580 sweep-compute alu_fp32_v4_c4 PASS 5.9777 ms
b580 sweep-compute alu_fp32_v4_c4 PASS 5.8950 ms
b580 sweep-compute alu_fp32_v4_c4 PASS 6.1261 ms
b580 sweep-compute alu_fp32_v4_c8 PASS 5.8969 ms
b580 sweep-compute alu_fp32_v4_c8 PASS 5.2901 ms
b580 probe alu_fp32_v4_c16 PASS 5.9983 ms
b580 probe sweep-compute_120 11.680 TFLOP/s
b580 sweep-compute alu_fp32_v4_c8 PASS 6.0320 ms
b580 sweep-compute alu_fp32_v4_c8 PASS 6.1667 ms
b580 sweep-compute alu_fp32_v4_c16 PASS 6.0257 ms
b580 sweep-compute alu_fp32_v4_c16 PASS 6.0311 ms
b580 sweep-compute alu_fp32_v4_c16 PASS 6.0771 ms
b580 sweep-compute alu_fp32_v4_c16 PASS 6.0264 ms
b580 sweep-compute alu_fp16_v4_c1 PASS 5.4591 ms
b580 sweep-compute alu_fp16_v4_c1 PASS 5.0512 ms
b580 sweep-compute alu_fp16_v4_c1 PASS 5.8888 ms
b580 sweep-compute alu_fp16_v4_c1 PASS 5.8617 ms
b580 sweep-compute alu_fp16_v4_c2 PASS 5.8913 ms
b580 sweep-compute alu_fp16_v4_c2 PASS 6.0036 ms
b580 sweep-compute alu_fp16_v4_c2 PASS 5.8466 ms
b580 sweep-compute alu_fp16_v4_c2 PASS 5.8984 ms
b580 sweep-compute alu_fp16_v4_c4 PASS 5.9993 ms
b580 sweep-compute alu_fp16_v4_c4 PASS 5.8824 ms
b580 sweep-compute alu_fp16_v4_c4 PASS 5.6568 ms
b580 sweep-compute alu_fp16_v4_c4 PASS 6.0048 ms
b580 sweep-compute alu_fp16_v4_c8 PASS 5.8909 ms
b580 sweep-compute alu_fp16_v4_c8 PASS 6.0952 ms
b580 probe alu_fp32_v4_c16 PASS 5.9983 ms
b580 probe sweep-compute_140 11.680 TFLOP/s
b580 sweep-compute alu_fp16_v4_c8 PASS 5.9432 ms
b580 sweep-compute alu_fp16_v4_c8 PASS 6.0986 ms
b580 sweep-compute alu_fp16_v4_c16 PASS 6.1621 ms
b580 sweep-compute alu_fp16_v4_c16 PASS 6.1098 ms
b580 sweep-compute alu_fp16_v4_c16 PASS 6.0473 ms
b580 sweep-compute alu_fp16_v4_c16 PASS 6.1195 ms
b580 sweep-compute dot8_c1 PASS 5.3496 ms
b580 sweep-compute dot8_c1 PASS 5.9956 ms
b580 sweep-compute dot8_c1 PASS 5.8803 ms
b580 sweep-compute dot8_c1 PASS 5.9998 ms
b580 sweep-compute dot8_c2 PASS 5.6702 ms
b580 sweep-compute dot8_c2 PASS 5.8924 ms
b580 sweep-compute dot8_c2 PASS 5.0470 ms
b580 sweep-compute dot8_c2 PASS 5.9958 ms
b580 sweep-compute dot8_c4 PASS 5.8881 ms
b580 sweep-compute dot8_c4 PASS 5.8458 ms
b580 sweep-compute dot8_c4 PASS 5.8944 ms
b580 sweep-compute dot8_c4 PASS 5.7775 ms
b580 sweep-compute dot8_c8 PASS 5.9990 ms
b580 sweep-compute dot8_c8 PASS 5.8819 ms
b580 probe alu_fp32_v4_c16 PASS 5.9983 ms
b580 probe sweep-compute_160 11.680 TFLOP/s
b580 sweep-compute dot8_c8 PASS 5.9982 ms
b580 sweep-compute dot8_c8 PASS 6.0299 ms
b580 sweep-compute matrix_fp16_8x16x16_c4 PASS 0.0436 ms
b580 sweep-compute matrix_fp16_8x16x16_c4 PASS 5.9969 ms
b580 sweep-compute matrix_fp16_8x16x16_c8 PASS 5.0659 ms
b580 sweep-compute matrix_fp16_8x16x16_c8 PASS 5.8585 ms
b580 sweep-compute matrix_fp16_fp32_8x16x16_c4 PASS 5.9991 ms
b580 sweep-compute matrix_fp16_fp32_8x16x16_c4 PASS 5.8766 ms
b580 sweep-compute matrix_fp16_fp32_8x16x16_c8 PASS 5.8658 ms
b580 sweep-compute matrix_fp16_fp32_8x16x16_c8 PASS 6.0005 ms
b580 sweep-compute matrix_int8_8x16x32_c4 PASS 5.9993 ms
b580 sweep-compute matrix_int8_8x16x32_c4 PASS 5.8767 ms
b580 sweep-compute matrix_int8_8x16x32_c8 PASS 5.8649 ms
b580 sweep-compute matrix_int8_8x16x32_c8 PASS 5.8940 ms
b580 probe alu_fp32_v4_c16 PASS 5.9983 ms
b580 probe compute_end 11.680 TFLOP/s
=== b580 matrix_feed (36 configurations)
b580 probe matrix_feed_start REUSE probe/alu_fp32_v4_c16_31b10dce136f.jsonl
b580 sweep-matrix-feed matrix_fp16_8x16x16_c1_lds PASS 0.1818 ms
b580 sweep-matrix-feed matrix_fp16_8x16x16_c1_gmem PASS 5.9674 ms
b580 sweep-matrix-feed matrix_fp16_8x16x16_c1_gmem PASS 5.5520 ms
b580 sweep-matrix-feed matrix_fp16_8x16x16_c2_lds PASS 0.1829 ms
b580 sweep-matrix-feed matrix_fp16_8x16x16_c2_gmem PASS 6.0691 ms
b580 sweep-matrix-feed matrix_fp16_8x16x16_c2_gmem PASS 5.6460 ms
b580 probe alu_fp32_v4_c16 PASS 5.9982 ms
b580 probe sweep-matrix-feed_180 11.680 TFLOP/s
b580 sweep-matrix-feed matrix_fp16_8x16x16_c4_lds PASS 0.1901 ms
b580 sweep-matrix-feed matrix_fp16_8x16x16_c4_gmem PASS 6.0980 ms
b580 sweep-matrix-feed matrix_fp16_8x16x16_c4_gmem PASS 5.7946 ms
b580 sweep-matrix-feed matrix_fp16_8x16x16_c8_lds PASS 5.9489 ms
b580 sweep-matrix-feed matrix_fp16_8x16x16_c8_gmem PASS 6.4159 ms
b580 sweep-matrix-feed matrix_fp16_8x16x16_c8_gmem PASS 6.0156 ms
b580 sweep-matrix-feed matrix_fp16_fp32_8x16x16_c1_lds PASS 5.8632 ms
b580 sweep-matrix-feed matrix_fp16_fp32_8x16x16_c1_gmem PASS 5.9190 ms
b580 sweep-matrix-feed matrix_fp16_fp32_8x16x16_c1_gmem PASS 5.8543 ms
b580 sweep-matrix-feed matrix_fp16_fp32_8x16x16_c2_lds PASS 5.8669 ms
b580 sweep-matrix-feed matrix_fp16_fp32_8x16x16_c2_gmem PASS 6.0261 ms
b580 sweep-matrix-feed matrix_fp16_fp32_8x16x16_c2_gmem PASS 5.8942 ms
b580 sweep-matrix-feed matrix_fp16_fp32_8x16x16_c4_lds PASS 5.8586 ms
b580 sweep-matrix-feed matrix_fp16_fp32_8x16x16_c4_gmem PASS 5.1828 ms
b580 sweep-matrix-feed matrix_fp16_fp32_8x16x16_c4_gmem PASS 5.8342 ms
b580 sweep-matrix-feed matrix_fp16_fp32_8x16x16_c8_lds PASS 5.1693 ms
b580 sweep-matrix-feed matrix_fp16_fp32_8x16x16_c8_gmem PASS 6.0094 ms
b580 sweep-matrix-feed matrix_fp16_fp32_8x16x16_c8_gmem PASS 5.7612 ms
b580 sweep-matrix-feed matrix_int8_8x16x32_c1_lds PASS 5.7726 ms
b580 sweep-matrix-feed matrix_int8_8x16x32_c1_gmem PASS 5.6647 ms
b580 probe alu_fp32_v4_c16 PASS 5.9984 ms
b580 probe sweep-matrix-feed_200 11.680 TFLOP/s
b580 sweep-matrix-feed matrix_int8_8x16x32_c1_gmem PASS 5.8496 ms
b580 sweep-matrix-feed matrix_int8_8x16x32_c2_lds PASS 5.7464 ms
b580 sweep-matrix-feed matrix_int8_8x16x32_c2_gmem PASS 5.9921 ms
b580 sweep-matrix-feed matrix_int8_8x16x32_c2_gmem PASS 5.7179 ms
b580 sweep-matrix-feed matrix_int8_8x16x32_c4_lds PASS 5.7520 ms
b580 sweep-matrix-feed matrix_int8_8x16x32_c4_gmem PASS 5.5134 ms
b580 sweep-matrix-feed matrix_int8_8x16x32_c4_gmem PASS 5.8232 ms
b580 sweep-matrix-feed matrix_int8_8x16x32_c8_lds PASS 5.9572 ms
b580 sweep-matrix-feed matrix_int8_8x16x32_c8_gmem PASS 5.5483 ms
b580 sweep-matrix-feed matrix_int8_8x16x32_c8_gmem PASS 5.6155 ms
b580 probe alu_fp32_v4_c16 PASS 5.9983 ms
b580 probe matrix_feed_end 11.680 TFLOP/s
=== b580 texture (12 configurations)
b580 probe texture_start REUSE probe/alu_fp32_v4_c16_96025343b1ba.jsonl
b580 sweep-texture texture_rgba16f_buffer PASS 5.8990 ms
b580 sweep-texture texture_rgba16f_buffer PASS 6.1020 ms
b580 sweep-texture texture_rgba16f_tex2d PASS 5.9686 ms
b580 sweep-texture texture_rgba16f_tex2d PASS 5.4797 ms
b580 sweep-texture texture_rgba16f_tex3d PASS 5.9910 ms
b580 sweep-texture texture_rgba16f_tex3d PASS 5.1706 ms
b580 sweep-texture texture_rgba32f_buffer PASS 5.3955 ms
b580 sweep-texture texture_rgba32f_buffer PASS 6.0760 ms
b580 sweep-texture texture_rgba32f_tex2d PASS 5.2969 ms
b580 sweep-texture texture_rgba32f_tex2d PASS 5.6645 ms
b580 probe alu_fp32_v4_c16 PASS 5.9982 ms
b580 probe sweep-texture_220 11.680 TFLOP/s
b580 sweep-texture texture_rgba32f_tex3d PASS 5.8259 ms
b580 sweep-texture texture_rgba32f_tex3d PASS 6.4730 ms
b580 probe alu_fp32_v4_c16 PASS 5.9981 ms
b580 probe texture_end 11.681 TFLOP/s
=== b580 shared (56 configurations)
b580 probe shared_start REUSE probe/alu_fp32_v4_c16_873ec408738a.jsonl
b580 sweep-shared sharedbw_fp32_v2_op0 PASS 7.0998 ms
b580 sweep-shared sharedbw_fp32_v2_op0 PASS 5.9837 ms
b580 sweep-shared sharedbw_fp32_v2_op0 PASS 5.7690 ms
b580 sweep-shared sharedbw_fp32_v2_op0 PASS 5.9697 ms
b580 sweep-shared sharedbw_fp32_v2_op0 PASS 5.9935 ms
b580 sweep-shared sharedbw_fp32_v2_op0 PASS 5.7582 ms
b580 sweep-shared sharedbw_fp32_v2_op2 PASS 8.5881 ms
b580 sweep-shared sharedbw_fp32_v2_op2 PASS 5.8778 ms
b580 sweep-shared sharedbw_fp32_v2_op2 PASS 5.8811 ms
b580 sweep-shared sharedbw_fp32_v2_op2 PASS 5.9906 ms
b580 sweep-shared sharedbw_fp32_v2_op0_acc32 PASS 5.2928 ms
b580 sweep-shared sharedbw_fp32_v2_op0_acc32 PASS 5.9971 ms
b580 sweep-shared sharedbw_fp32_v2_op0_acc32 PASS 5.4859 ms
b580 sweep-shared sharedbw_fp32_v2_op0_acc32 PASS 5.9894 ms
b580 sweep-shared sharedbw_fp16_v2_op0 PASS 0.0283 ms
b580 sweep-shared sharedbw_fp16_v2_op0 PASS 0.3324 ms
b580 sweep-shared sharedbw_fp16_v2_op0 PASS 0.3606 ms
b580 sweep-shared sharedbw_fp16_v2_op0 PASS 0.3634 ms
b580 probe alu_fp32_v4_c16 PASS 5.9983 ms
b580 probe sweep-shared_240 11.680 TFLOP/s
b580 sweep-shared sharedbw_fp16_v2_op0 PASS 6.0309 ms
b580 sweep-shared sharedbw_fp16_v2_op0 PASS 0.2739 ms
b580 sweep-shared sharedbw_fp16_v2_op0 PASS 0.2519 ms
b580 sweep-shared sharedbw_fp16_v2_op2 PASS 5.9089 ms
b580 sweep-shared sharedbw_fp16_v2_op2 PASS 6.0571 ms
b580 sweep-shared sharedbw_fp16_v2_op2 PASS 5.9046 ms
b580 sweep-shared sharedbw_fp16_v2_op2 PASS 6.0764 ms
b580 sweep-shared sharedbw_fp16_v2_op2 PASS 5.9051 ms
b580 sweep-shared sharedbw_fp16_v2_op0_acc32 PASS 0.6544 ms
b580 sweep-shared sharedbw_fp16_v2_op0_acc32 PASS 0.6613 ms
b580 sweep-shared sharedbw_fp16_v2_op0_acc32 PASS 0.6452 ms
b580 sweep-shared sharedbw_fp16_v2_op0_acc32 PASS 6.1475 ms
b580 sweep-shared sharedbw_fp16_v2_op0_acc32 PASS 5.3365 ms
b580 sweep-shared sharedbw_fp32_v4_op0 PASS 5.8265 ms
b580 sweep-shared sharedbw_fp32_v4_op0 PASS 5.2209 ms
b580 sweep-shared sharedbw_fp32_v4_op0 PASS 5.7487 ms
b580 sweep-shared sharedbw_fp32_v4_op0 PASS 5.7696 ms
b580 sweep-shared sharedbw_fp32_v4_op0 PASS 5.9987 ms
b580 sweep-shared sharedbw_fp32_v4_op2 PASS 5.9980 ms
b580 sweep-shared sharedbw_fp32_v4_op2 PASS 5.8802 ms
b580 probe alu_fp32_v4_c16 PASS 5.9982 ms
b580 probe sweep-shared_260 11.680 TFLOP/s
b580 sweep-shared sharedbw_fp32_v4_op2 PASS 5.9990 ms
b580 sweep-shared sharedbw_fp32_v4_op0_acc32 PASS 5.9880 ms
b580 sweep-shared sharedbw_fp32_v4_op0_acc32 PASS 5.7106 ms
b580 sweep-shared sharedbw_fp32_v4_op0_acc32 PASS 5.9917 ms
b580 sweep-shared sharedbw_fp16_v4_op0 PASS 5.8023 ms
b580 sweep-shared sharedbw_fp16_v4_op0 PASS 0.3233 ms
b580 sweep-shared sharedbw_fp16_v4_op0 PASS 0.3705 ms
b580 sweep-shared sharedbw_fp16_v4_op0 PASS 0.3710 ms
b580 sweep-shared sharedbw_fp16_v4_op0 PASS 0.2912 ms
b580 sweep-shared sharedbw_fp16_v4_op0 PASS 5.3683 ms
b580 sweep-shared sharedbw_fp16_v4_op2 PASS 5.9262 ms
b580 sweep-shared sharedbw_fp16_v4_op2 PASS 5.0298 ms
b580 sweep-shared sharedbw_fp16_v4_op2 PASS 5.9619 ms
b580 sweep-shared sharedbw_fp16_v4_op2 PASS 6.0261 ms
b580 sweep-shared sharedbw_fp16_v4_op0_acc32 PASS 6.5574 ms
b580 sweep-shared sharedbw_fp16_v4_op0_acc32 PASS 6.9824 ms
b580 sweep-shared sharedbw_fp16_v4_op0_acc32 PASS 5.2265 ms
b580 sweep-shared sharedbw_fp16_v4_op0_acc32 PASS 6.5764 ms
b580 probe alu_fp32_v4_c16 PASS 5.9982 ms
b580 probe shared_end 11.680 TFLOP/s
=== b580 latency (10 configurations)
b580 probe latency_start REUSE probe/alu_fp32_v4_c16_4635dc0799e6.jsonl
b580 latency-capacity pchase PASS 1.5921 ms
b580 latency-capacity pchase PASS 1.5953 ms
b580 probe alu_fp32_v4_c16 PASS 5.9982 ms
b580 probe latency-capacity_280 11.680 TFLOP/s
b580 latency-capacity pchase PASS 1.6070 ms
b580 latency-capacity pchase PASS 1.6491 ms
b580 latency-capacity pchase PASS 1.8247 ms
b580 latency-capacity pchase PASS 5.4412 ms
b580 latency-capacity pchase PASS 10.8890 ms
b580 latency-capacity pchase PASS 53.2384 ms
b580 latency-capacity pchase PASS 271.9061 ms
b580 latency-capacity pchase PASS 311.8118 ms
b580 probe alu_fp32_v4_c16 PASS 5.9981 ms
b580 probe latency_end 11.681 TFLOP/s
b580 probe confirm_start REUSE probe/alu_fp32_v4_c16_5e25c0563324.jsonl
b580 confirm alu_fp16_v4_c1 PASS 5.8617 ms
b580 confirm alu_fp16_v4_c1 PASS 5.0712 ms
b580 confirm alu_fp32_v2_c16 PASS 6.1538 ms
b580 confirm alu_fp32_v2_c16 PASS 6.0741 ms
b580 confirm mem_read_v4 PASS 5.8943 ms
b580 confirm mem_read_v4 PASS 5.9865 ms
b580 confirm dot8_c4 PASS 5.8776 ms
b580 confirm dot8_c4 PASS 5.8541 ms
b580 confirm matrix_fp16_8x16x16_c4 PASS 5.9971 ms
b580 confirm matrix_fp16_8x16x16_c8 PASS 6.1667 ms
b580 confirm matrix_fp16_8x16x16_c8_gmem PASS 6.3311 ms
b580 confirm matrix_fp16_8x16x16_c4_gmem PASS 6.0766 ms
b580 probe alu_fp32_v4_c16 PASS 5.9982 ms
b580 probe confirm_300 11.680 TFLOP/s
b580 confirm matrix_fp16_8x16x16_c1_gmem PASS 7.4004 ms
b580 confirm matrix_fp16_8x16x16_c2_gmem PASS 5.6470 ms
b580 confirm matrix_fp16_8x16x16_c8_lds PASS 5.3216 ms
b580 confirm matrix_fp16_fp32_8x16x16_c8 PASS 5.8941 ms
b580 confirm matrix_fp16_fp32_8x16x16_c4 PASS 5.9947 ms
b580 confirm matrix_fp16_fp32_8x16x16_c8_gmem PASS 5.2034 ms
b580 confirm matrix_fp16_fp32_8x16x16_c4_gmem PASS 5.8906 ms
b580 confirm matrix_fp16_fp32_8x16x16_c1_gmem PASS 5.9422 ms
b580 confirm matrix_fp16_fp32_8x16x16_c2_gmem PASS 5.8961 ms
b580 confirm matrix_fp16_fp32_8x16x16_c8_lds PASS 5.1697 ms
b580 confirm matrix_fp16_fp32_8x16x16_c4_lds PASS 5.9481 ms
b580 confirm matrix_int8_8x16x32_c8 PASS 5.7874 ms
b580 confirm matrix_int8_8x16x32_c4 PASS 5.8766 ms
b580 confirm matrix_int8_8x16x32_c8_gmem PASS 5.9780 ms
b580 confirm matrix_int8_8x16x32_c4_gmem PASS 5.5184 ms
b580 confirm matrix_int8_8x16x32_c1_gmem PASS 5.8977 ms
b580 confirm matrix_int8_8x16x32_c2_gmem PASS 5.8593 ms
b580 confirm matrix_int8_8x16x32_c8_lds PASS 5.3219 ms
b580 confirm matrix_int8_8x16x32_c4_lds PASS 5.1240 ms
b580 confirm mem_read_v4 PASS 5.7762 ms
b580 probe alu_fp32_v4_c16 PASS 5.9982 ms
b580 probe confirm_320 11.680 TFLOP/s
b580 confirm mem_read_v4 PASS 5.9782 ms
b580 confirm mem_write_v4 PASS 5.9794 ms
b580 confirm mem_write_v4 PASS 7.0565 ms
b580 confirm mem_copy_v4 PASS 5.9307 ms
b580 confirm mem_copy_v4 PASS 7.0144 ms
b580 confirm mem_triad_v4 PASS 6.8158 ms
b580 confirm sharedbw_fp16_v4_op0 PASS 6.0375 ms
b580 confirm sharedbw_fp16_v2_op0 PASS 5.9035 ms
b580 confirm sharedbw_fp16_v4_op2 PASS 5.1093 ms
b580 confirm sharedbw_fp16_v4_op2 PASS 5.0686 ms
b580 confirm sharedbw_fp32_v2_op0 PASS 7.1007 ms
b580 confirm sharedbw_fp32_v4_op0 PASS 5.9974 ms
b580 confirm sharedbw_fp32_v4_op2 PASS 5.6731 ms
b580 confirm sharedbw_fp32_v4_op2 PASS 5.9858 ms
b580 confirm texture_rgba16f_buffer PASS 5.9817 ms
b580 confirm texture_rgba16f_buffer PASS 6.1018 ms
b580 confirm texture_rgba16f_tex2d PASS 5.6240 ms
b580 confirm texture_rgba16f_tex2d PASS 6.5732 ms
b580 confirm texture_rgba16f_tex3d PASS 5.4336 ms
b580 confirm texture_rgba16f_tex3d PASS 5.8199 ms
b580 probe alu_fp32_v4_c16 PASS 5.9982 ms
b580 probe confirm_340 11.680 TFLOP/s
b580 confirm texture_rgba32f_buffer PASS 5.4921 ms
b580 confirm texture_rgba32f_buffer PASS 6.0763 ms
b580 confirm texture_rgba32f_tex2d PASS 5.3897 ms
b580 confirm texture_rgba32f_tex2d PASS 5.6697 ms
b580 confirm texture_rgba32f_tex3d PASS 5.9926 ms
b580 confirm texture_rgba32f_tex3d PASS 5.4780 ms
b580 confirm texture_rgba32f_tex3d PASS 6.4714 ms
b580 confirm texture_rgba32f_tex3d PASS 5.4275 ms
b580 confirm texture_rgba32f_tex2d PASS 6.3752 ms
b580 confirm texture_rgba32f_tex2d PASS 5.9574 ms
b580 confirm texture_rgba32f_buffer PASS 6.0764 ms
b580 confirm texture_rgba32f_buffer PASS 5.9697 ms
b580 confirm texture_rgba16f_tex3d PASS 5.1739 ms
b580 confirm texture_rgba16f_tex3d PASS 5.9742 ms
b580 confirm texture_rgba16f_tex2d PASS 6.5701 ms
b580 confirm texture_rgba16f_tex2d PASS 5.9675 ms
b580 confirm texture_rgba16f_buffer PASS 6.1026 ms
b580 confirm texture_rgba16f_buffer PASS 5.4450 ms
b580 confirm sharedbw_fp32_v4_op2 PASS 5.1460 ms
b580 confirm sharedbw_fp32_v4_op2 PASS 5.8831 ms
b580 probe alu_fp32_v4_c16 PASS 5.9983 ms
b580 probe confirm_360 11.680 TFLOP/s
b580 confirm sharedbw_fp32_v4_op0 PASS 5.9935 ms
b580 confirm sharedbw_fp32_v2_op0 PASS 7.0999 ms
b580 confirm sharedbw_fp16_v4_op2 PASS 6.0186 ms
b580 confirm sharedbw_fp16_v4_op2 PASS 5.2402 ms
b580 confirm sharedbw_fp16_v2_op0 PASS 5.9033 ms
b580 confirm sharedbw_fp16_v4_op0 PASS 5.0578 ms
b580 confirm mem_triad_v4 PASS 6.8182 ms
b580 confirm mem_copy_v4 PASS 7.0168 ms
b580 confirm mem_copy_v4 PASS 5.9409 ms
b580 confirm mem_write_v4 PASS 7.0903 ms
b580 confirm mem_write_v4 PASS 6.0049 ms
b580 confirm mem_read_v4 PASS 5.9810 ms
b580 confirm mem_read_v4 PASS 5.7791 ms
b580 confirm matrix_int8_8x16x32_c4_lds PASS 5.9124 ms
b580 confirm matrix_int8_8x16x32_c8_lds PASS 5.8263 ms
b580 confirm matrix_int8_8x16x32_c2_gmem PASS 5.7467 ms
b580 confirm matrix_int8_8x16x32_c1_gmem PASS 5.8682 ms
b580 confirm matrix_int8_8x16x32_c4_gmem PASS 5.5173 ms
b580 confirm matrix_int8_8x16x32_c8_gmem PASS 5.5461 ms
b580 confirm matrix_int8_8x16x32_c4 PASS 5.9971 ms
b580 probe alu_fp32_v4_c16 PASS 5.9982 ms
b580 probe confirm_380 11.680 TFLOP/s
b580 confirm matrix_int8_8x16x32_c8 PASS 6.0005 ms
b580 confirm matrix_fp16_fp32_8x16x16_c4_lds PASS 5.8601 ms
b580 confirm matrix_fp16_fp32_8x16x16_c8_lds PASS 5.9996 ms
b580 confirm matrix_fp16_fp32_8x16x16_c2_gmem PASS 5.8946 ms
b580 confirm matrix_fp16_fp32_8x16x16_c1_gmem PASS 5.8987 ms
b580 confirm matrix_fp16_fp32_8x16x16_c4_gmem PASS 5.9747 ms
b580 confirm matrix_fp16_fp32_8x16x16_c8_gmem PASS 5.2033 ms
b580 confirm matrix_fp16_fp32_8x16x16_c4 PASS 5.7724 ms
b580 confirm matrix_fp16_fp32_8x16x16_c8 PASS 5.8941 ms
b580 confirm matrix_fp16_8x16x16_c8_lds PASS 5.9476 ms
b580 confirm matrix_fp16_8x16x16_c2_gmem PASS 5.6486 ms
b580 confirm matrix_fp16_8x16x16_c1_gmem PASS 7.4009 ms
b580 confirm matrix_fp16_8x16x16_c4_gmem PASS 6.1029 ms
b580 confirm matrix_fp16_8x16x16_c8_gmem PASS 6.0993 ms
b580 confirm matrix_fp16_8x16x16_c8 PASS 6.1675 ms
b580 confirm matrix_fp16_8x16x16_c4 PASS 5.3821 ms
b580 confirm dot8_c4 PASS 5.9968 ms
b580 confirm dot8_c4 PASS 5.9946 ms
b580 confirm mem_read_v4 PASS 5.9854 ms
b580 confirm mem_read_v4 PASS 5.8991 ms
b580 probe alu_fp32_v4_c16 PASS 5.9981 ms
b580 probe confirm_400 11.681 TFLOP/s
b580 confirm alu_fp32_v2_c16 PASS 6.0741 ms
b580 confirm alu_fp32_v2_c16 PASS 5.9881 ms
b580 confirm alu_fp16_v4_c1 PASS 6.0250 ms
b580 confirm alu_fp16_v4_c1 PASS 5.8617 ms
b580 confirm alu_fp16_v4_c1 PASS 5.9893 ms
b580 confirm alu_fp16_v4_c1 PASS 5.0708 ms
b580 confirm alu_fp32_v2_c16 PASS 5.9880 ms
b580 confirm alu_fp32_v2_c16 PASS 5.9915 ms
b580 confirm mem_read_v4 PASS 5.9976 ms
b580 confirm mem_read_v4 PASS 5.7595 ms
b580 confirm dot8_c4 PASS 5.9779 ms
b580 confirm dot8_c4 PASS 5.9969 ms
b580 confirm matrix_fp16_8x16x16_c4 PASS 5.0745 ms
b580 confirm matrix_fp16_8x16x16_c8 PASS 6.1686 ms
b580 confirm matrix_fp16_8x16x16_c8_gmem PASS 6.3212 ms
b580 confirm matrix_fp16_8x16x16_c4_gmem PASS 6.0076 ms
b580 confirm matrix_fp16_8x16x16_c1_gmem PASS 5.5521 ms
b580 confirm matrix_fp16_8x16x16_c2_gmem PASS 5.6454 ms
b580 confirm matrix_fp16_8x16x16_c8_lds PASS 5.9478 ms
b580 confirm matrix_fp16_fp32_8x16x16_c8 PASS 5.8385 ms
b580 probe alu_fp32_v4_c16 PASS 5.9982 ms
b580 probe confirm_420 11.680 TFLOP/s
b580 confirm matrix_fp16_fp32_8x16x16_c4 PASS 5.8766 ms
b580 confirm matrix_fp16_fp32_8x16x16_c8_gmem PASS 5.1994 ms
b580 confirm matrix_fp16_fp32_8x16x16_c4_gmem PASS 5.9957 ms
b580 confirm matrix_fp16_fp32_8x16x16_c1_gmem PASS 5.8531 ms
b580 confirm matrix_fp16_fp32_8x16x16_c2_gmem PASS 5.8352 ms
b580 confirm matrix_fp16_fp32_8x16x16_c8_lds PASS 5.1697 ms
b580 confirm matrix_fp16_fp32_8x16x16_c4_lds PASS 5.8645 ms
b580 confirm matrix_int8_8x16x32_c8 PASS 5.9958 ms
b580 confirm matrix_int8_8x16x32_c4 PASS 5.9971 ms
b580 confirm matrix_int8_8x16x32_c8_gmem PASS 5.5497 ms
b580 confirm matrix_int8_8x16x32_c4_gmem PASS 5.5158 ms
b580 confirm matrix_int8_8x16x32_c1_gmem PASS 5.8702 ms
b580 confirm matrix_int8_8x16x32_c2_gmem PASS 5.8789 ms
b580 confirm matrix_int8_8x16x32_c8_lds PASS 5.7183 ms
b580 confirm matrix_int8_8x16x32_c4_lds PASS 5.1248 ms
b580 confirm mem_read_v4 PASS 5.7818 ms
b580 confirm mem_read_v4 PASS 5.9779 ms
b580 confirm mem_write_v4 PASS 6.0123 ms
b580 confirm mem_write_v4 PASS 7.0819 ms
b580 confirm mem_copy_v4 PASS 5.9481 ms
b580 probe alu_fp32_v4_c16 PASS 5.9982 ms
b580 probe confirm_440 11.680 TFLOP/s
b580 confirm mem_copy_v4 PASS 7.0182 ms
b580 confirm mem_triad_v4 PASS 6.8164 ms
b580 confirm sharedbw_fp16_v4_op0 PASS 5.9983 ms
b580 confirm sharedbw_fp16_v2_op0 PASS 6.0310 ms
b580 confirm sharedbw_fp16_v4_op2 PASS 5.8952 ms
b580 confirm sharedbw_fp16_v4_op2 PASS 6.0186 ms
b580 confirm sharedbw_fp32_v2_op0 PASS 7.1005 ms
b580 confirm sharedbw_fp32_v4_op0 PASS 5.4609 ms
b580 confirm sharedbw_fp32_v4_op2 PASS 5.6731 ms
b580 confirm sharedbw_fp32_v4_op2 PASS 5.9996 ms
b580 confirm texture_rgba16f_buffer PASS 5.8517 ms
b580 confirm texture_rgba16f_buffer PASS 6.1030 ms
b580 confirm texture_rgba16f_tex2d PASS 5.9745 ms
b580 confirm texture_rgba16f_tex2d PASS 6.5627 ms
b580 confirm texture_rgba16f_tex3d PASS 5.6505 ms
b580 confirm texture_rgba16f_tex3d PASS 5.1740 ms
b580 confirm texture_rgba32f_buffer PASS 5.9862 ms
b580 confirm texture_rgba32f_buffer PASS 6.0755 ms
b580 confirm texture_rgba32f_tex2d PASS 5.3951 ms
b580 confirm texture_rgba32f_tex2d PASS 5.6709 ms
b580 probe alu_fp32_v4_c16 PASS 5.9981 ms
b580 probe confirm_460 11.681 TFLOP/s
b580 confirm texture_rgba32f_tex3d PASS 5.9706 ms
b580 confirm texture_rgba32f_tex3d PASS 6.4689 ms
b580 probe alu_fp32_v4_c16 PASS 5.9982 ms
b580 probe confirm_end 11.680 TFLOP/s
=== b580 sustain
b580 probe alu_fp32_v4_c16 PASS 5.9982 ms
b580 probe sustain_0 11.680 TFLOP/s
b580 sustain-preflight-0 alu_fp16_v4_c1 PASS 5.8617 ms
b580 sustain-0 alu_fp16_v4_c1 PASS 5.8617 ms
b580 sustain-preflight-0 matrix_fp16_fp32_8x16x16_c8 PASS 7.9759 ms
b580 sustain-0 matrix_fp16_fp32_8x16x16_c8 PASS 5.8941 ms
b580 sustain-preflight-0 mem_read_v4 PASS 5.8705 ms
b580 sustain-0 mem_read_v4 PASS 5.7794 ms
Report: /mnt/linux-share/hmz-campaigns/roofline-study/b580/igpu-roofline/results/et-study-20261010/fedora/b580/report/REPORT.md
