Plan 'fast' on local GPU (orin-naughty); results in /home/doremy/roofline-study-20261010/partA/results/orin-naughty
319 configurations before confirmation; sustained: yes
8 matrix shapes are not compiled; see matrix-coverage.json
  offline ISA skipped: no public offline compiler for this GPU
=== orin-naughty validate (31 configurations)
orin-naughty probe alu_fp32_v4_c16 PASS 66.3798 ms
orin-naughty probe validate_start 0.732 TFLOP/s
orin-naughty validate mem_read_v4 PASS 0.0369 ms
orin-naughty validate mem_write_v4 PASS 0.0266 ms
orin-naughty validate mem_copy_v4 PASS 0.0311 ms
orin-naughty validate mem_copy_v4 PASS 0.0309 ms
orin-naughty validate mem_scale_v4 PASS 0.0317 ms
orin-naughty validate mem_add_v4 PASS 0.0343 ms
orin-naughty validate mem_triad_v4 PASS 0.0344 ms
orin-naughty validate mem_dot_v4 PASS 0.0332 ms
orin-naughty validate mem_copy_v4_volatile PASS 0.0481 ms
orin-naughty validate alu_fp32_v1_c4 PASS 0.0340 ms
orin-naughty validate alu_fp32_v4_c4 PASS 0.1672 ms
orin-naughty validate alu_fp16_v2_c4 PASS 0.0526 ms
orin-naughty validate sharedbw_fp32_v4_op0 PASS 0.0759 ms
orin-naughty validate sharedbw_fp16_v4_op0 PASS 0.0696 ms
orin-naughty validate sharedbw_fp32_v4_op2 PASS 0.0476 ms
orin-naughty validate sharedbw_fp16_v1_op2 PASS 0.0375 ms
orin-naughty validate shared_fp32_v4_op0_xlanes_volatile PASS 0.0505 ms
orin-naughty validate shared_fp32_v4_op1_xlanes_volatile PASS 0.0571 ms
orin-naughty validate dot8_c4 PASS 0.0347 ms
orin-naughty validate pchase PASS 0.8146 ms
orin-naughty validate ert_f1 PASS 0.0529 ms
orin-naughty validate ert_f64 PASS 0.1768 ms
orin-naughty validate matrix_fp16_16x16x16_c1 PASS 0.0176 ms
orin-naughty validate matrix_fp16_16x16x16_c1_lds PASS 0.0547 ms
orin-naughty validate matrix_fp16_16x16x16_c1_gmem PASS 0.0953 ms
orin-naughty validate matrix_fp16_fp32_16x16x16_c1 PASS 0.0174 ms
orin-naughty validate matrix_fp16_fp32_16x16x16_c1_lds PASS 0.0554 ms
orin-naughty validate matrix_fp16_fp32_16x16x16_c1_gmem PASS 0.0951 ms
orin-naughty validate matrix_int8_16x16x32_c1 PASS 0.0205 ms
orin-naughty validate matrix_int8_16x16x32_c1_lds PASS 0.0900 ms
orin-naughty validate matrix_int8_16x16x32_c1_gmem PASS 0.1168 ms
orin-naughty probe alu_fp32_v4_c16 PASS 66.3956 ms
orin-naughty probe validate_end 0.732 TFLOP/s
=== orin-naughty cache (18 configurations)
orin-naughty probe cache_start REUSE probe/alu_fp32_v4_c16_b655739b1294.jsonl
orin-naughty sweep-cache mem_read_v4 PASS 5.9875 ms
orin-naughty sweep-cache mem_read_v4 PASS 5.9881 ms
orin-naughty sweep-cache mem_read_v4 PASS 5.9867 ms
orin-naughty sweep-cache mem_read_v4 PASS 5.9861 ms
orin-naughty sweep-cache mem_read_v4 PASS 5.9886 ms
orin-naughty sweep-cache mem_read_v4 PASS 5.9891 ms
orin-naughty sweep-cache mem_read_v4 PASS 5.9867 ms
orin-naughty sweep-cache mem_read_v4 PASS 5.9842 ms
orin-naughty sweep-cache mem_read_v4 PASS 5.9842 ms
orin-naughty sweep-cache mem_read_v4 PASS 5.9788 ms
orin-naughty sweep-cache mem_read_v4 PASS 5.9595 ms
orin-naughty sweep-cache mem_read_v4 PASS 5.9539 ms
orin-naughty sweep-cache mem_read_v4 PASS 5.9328 ms
orin-naughty sweep-cache mem_read_v4 PASS 5.9996 ms
orin-naughty sweep-cache mem_read_v4 PASS 6.2407 ms
orin-naughty sweep-cache mem_read_v4 PASS 6.2091 ms
orin-naughty sweep-cache mem_read_v4 PASS 8.7411 ms
orin-naughty sweep-cache mem_read_v4 PASS 37.0546 ms
orin-naughty probe alu_fp32_v4_c16 PASS 66.4103 ms
orin-naughty probe cache_end 0.732 TFLOP/s
=== orin-naughty memory (8 configurations)
orin-naughty probe memory_start REUSE probe/alu_fp32_v4_c16_7a1b2f2a4c7c.jsonl
orin-naughty sweep-memory mem_read_v4 PASS 8.6955 ms
orin-naughty sweep-memory mem_read_v4 PASS 54.9735 ms
orin-naughty probe alu_fp32_v4_c16 PASS 66.4129 ms
orin-naughty probe sweep-memory_20 0.732 TFLOP/s
orin-naughty sweep-memory mem_write_v4 PASS 9.2334 ms
orin-naughty sweep-memory mem_write_v4 PASS 18.5476 ms
orin-naughty sweep-memory mem_copy_v4 PASS 8.4231 ms
orin-naughty sweep-memory mem_copy_v4 PASS 16.7598 ms
orin-naughty sweep-memory mem_triad_v4 PASS 8.2895 ms
orin-naughty sweep-memory mem_triad_v4 PASS 16.7051 ms
orin-naughty probe alu_fp32_v4_c16 PASS 66.3949 ms
orin-naughty probe memory_end 0.732 TFLOP/s
=== orin-naughty compute (148 configurations)
orin-naughty probe compute_start REUSE probe/alu_fp32_v4_c16_26835cb5c787.jsonl
orin-naughty sweep-compute alu_fp32_v1_c1 PASS 5.9921 ms
orin-naughty sweep-compute alu_fp32_v1_c1 PASS 6.0014 ms
orin-naughty sweep-compute alu_fp32_v1_c1 PASS 5.9935 ms
orin-naughty sweep-compute alu_fp32_v1_c1 PASS 6.0814 ms
orin-naughty sweep-compute alu_fp32_v1_c2 PASS 5.9844 ms
orin-naughty sweep-compute alu_fp32_v1_c2 PASS 6.0522 ms
orin-naughty sweep-compute alu_fp32_v1_c2 PASS 6.0054 ms
orin-naughty sweep-compute alu_fp32_v1_c2 PASS 6.2308 ms
orin-naughty sweep-compute alu_fp32_v1_c4 PASS 5.9705 ms
orin-naughty sweep-compute alu_fp32_v1_c4 PASS 6.1679 ms
orin-naughty sweep-compute alu_fp32_v1_c4 PASS 5.9723 ms
orin-naughty sweep-compute alu_fp32_v1_c4 PASS 6.3642 ms
orin-naughty sweep-compute alu_fp32_v1_c8 PASS 5.9224 ms
orin-naughty sweep-compute alu_fp32_v1_c8 PASS 6.4522 ms
orin-naughty probe alu_fp32_v4_c16 PASS 66.4080 ms
orin-naughty probe sweep-compute_40 0.732 TFLOP/s
orin-naughty sweep-compute alu_fp32_v1_c8 PASS 6.2331 ms
orin-naughty sweep-compute alu_fp32_v1_c8 PASS 10.9743 ms
orin-naughty sweep-compute alu_fp32_v1_c16 PASS 6.1565 ms
orin-naughty sweep-compute alu_fp32_v1_c16 PASS 35.2868 ms
orin-naughty sweep-compute alu_fp32_v1_c16 PASS 11.6317 ms
orin-naughty sweep-compute alu_fp32_v1_c16 PASS 42.4315 ms
orin-naughty sweep-compute alu_fp16_v1_c1 PASS 5.9949 ms
orin-naughty sweep-compute alu_fp16_v1_c1 PASS 5.9928 ms
orin-naughty sweep-compute alu_fp16_v1_c1 PASS 5.9988 ms
orin-naughty sweep-compute alu_fp16_v1_c1 PASS 6.1274 ms
orin-naughty sweep-compute alu_fp16_v1_c2 PASS 5.9826 ms
orin-naughty sweep-compute alu_fp16_v1_c2 PASS 5.9866 ms
orin-naughty sweep-compute alu_fp16_v1_c2 PASS 5.9943 ms
orin-naughty sweep-compute alu_fp16_v1_c2 PASS 6.0965 ms
orin-naughty sweep-compute alu_fp16_v1_c4 PASS 5.9940 ms
orin-naughty sweep-compute alu_fp16_v1_c4 PASS 6.1144 ms
orin-naughty sweep-compute alu_fp16_v1_c4 PASS 5.9771 ms
orin-naughty sweep-compute alu_fp16_v1_c4 PASS 6.4416 ms
orin-naughty sweep-compute alu_fp16_v1_c8 PASS 6.0174 ms
orin-naughty sweep-compute alu_fp16_v1_c8 PASS 6.1444 ms
orin-naughty probe alu_fp32_v4_c16 PASS 66.4204 ms
orin-naughty probe sweep-compute_60 0.732 TFLOP/s
orin-naughty sweep-compute alu_fp16_v1_c8 PASS 6.0913 ms
orin-naughty sweep-compute alu_fp16_v1_c8 PASS 7.4877 ms
orin-naughty sweep-compute alu_fp16_v1_c16 PASS 6.1196 ms
orin-naughty sweep-compute alu_fp16_v1_c16 PASS 11.8017 ms
orin-naughty sweep-compute alu_fp16_v1_c16 PASS 6.1605 ms
orin-naughty sweep-compute alu_fp16_v1_c16 PASS 21.8119 ms
orin-naughty sweep-compute alu_fp32_v2_c1 PASS 6.0013 ms
orin-naughty sweep-compute alu_fp32_v2_c1 PASS 6.0853 ms
orin-naughty sweep-compute alu_fp32_v2_c1 PASS 6.0104 ms
orin-naughty sweep-compute alu_fp32_v2_c1 PASS 6.2288 ms
orin-naughty sweep-compute alu_fp32_v2_c2 PASS 5.9766 ms
orin-naughty sweep-compute alu_fp32_v2_c2 PASS 6.3493 ms
orin-naughty sweep-compute alu_fp32_v2_c2 PASS 6.0803 ms
orin-naughty sweep-compute alu_fp32_v2_c2 PASS 7.1794 ms
orin-naughty sweep-compute alu_fp32_v2_c4 PASS 6.1138 ms
orin-naughty sweep-compute alu_fp32_v2_c4 PASS 7.1785 ms
orin-naughty sweep-compute alu_fp32_v2_c4 PASS 6.2661 ms
orin-naughty sweep-compute alu_fp32_v2_c4 PASS 11.1592 ms
orin-naughty sweep-compute alu_fp32_v2_c8 PASS 6.1404 ms
orin-naughty sweep-compute alu_fp32_v2_c8 PASS 37.4752 ms
orin-naughty probe alu_fp32_v4_c16 PASS 66.3853 ms
orin-naughty probe sweep-compute_80 0.732 TFLOP/s
orin-naughty sweep-compute alu_fp32_v2_c8 PASS 13.6328 ms
orin-naughty sweep-compute alu_fp32_v2_c8 PASS 97.4774 ms
orin-naughty sweep-compute alu_fp32_v2_c16 PASS 28.5287 ms
orin-naughty sweep-compute alu_fp32_v2_c16 PASS 110.0741 ms
orin-naughty sweep-compute alu_fp32_v2_c16 PASS 67.8147 ms
orin-naughty sweep-compute alu_fp32_v2_c16 PASS 263.2385 ms
orin-naughty sweep-compute alu_fp16_v2_c1 PASS 5.9865 ms
orin-naughty sweep-compute alu_fp16_v2_c1 PASS 5.9868 ms
orin-naughty sweep-compute alu_fp16_v2_c1 PASS 6.0039 ms
orin-naughty sweep-compute alu_fp16_v2_c1 PASS 6.0948 ms
orin-naughty sweep-compute alu_fp16_v2_c2 PASS 6.0119 ms
orin-naughty sweep-compute alu_fp16_v2_c2 PASS 6.1295 ms
orin-naughty sweep-compute alu_fp16_v2_c2 PASS 6.0053 ms
orin-naughty sweep-compute alu_fp16_v2_c2 PASS 6.2299 ms
orin-naughty sweep-compute alu_fp16_v2_c4 PASS 5.9956 ms
orin-naughty sweep-compute alu_fp16_v2_c4 PASS 6.2140 ms
orin-naughty sweep-compute alu_fp16_v2_c4 PASS 5.4660 ms
orin-naughty sweep-compute alu_fp16_v2_c4 PASS 6.5338 ms
orin-naughty sweep-compute alu_fp16_v2_c8 PASS 6.0692 ms
orin-naughty sweep-compute alu_fp16_v2_c8 PASS 8.8240 ms
orin-naughty probe alu_fp32_v4_c16 PASS 66.4197 ms
orin-naughty probe sweep-compute_100 0.732 TFLOP/s
orin-naughty sweep-compute alu_fp16_v2_c8 PASS 6.1174 ms
orin-naughty sweep-compute alu_fp16_v2_c8 PASS 18.3890 ms
orin-naughty sweep-compute alu_fp16_v2_c16 PASS 58.4906 ms
orin-naughty sweep-compute alu_fp16_v2_c16 PASS 117.2708 ms
orin-naughty sweep-compute alu_fp16_v2_c16 PASS 68.1548 ms
orin-naughty sweep-compute alu_fp16_v2_c16 PASS 233.6760 ms
orin-naughty sweep-compute alu_fp32_v4_c1 PASS 5.9358 ms
orin-naughty sweep-compute alu_fp32_v4_c1 PASS 6.3128 ms
orin-naughty sweep-compute alu_fp32_v4_c1 PASS 5.1686 ms
orin-naughty sweep-compute alu_fp32_v4_c1 PASS 6.3598 ms
orin-naughty sweep-compute alu_fp32_v4_c2 PASS 6.0657 ms
orin-naughty sweep-compute alu_fp32_v4_c2 PASS 6.3628 ms
orin-naughty sweep-compute alu_fp32_v4_c2 PASS 6.3387 ms
orin-naughty sweep-compute alu_fp32_v4_c2 PASS 12.3699 ms
orin-naughty sweep-compute alu_fp32_v4_c4 PASS 6.2065 ms
orin-naughty sweep-compute alu_fp32_v4_c4 PASS 22.4508 ms
orin-naughty sweep-compute alu_fp32_v4_c4 PASS 11.6085 ms
orin-naughty sweep-compute alu_fp32_v4_c4 PASS 41.5780 ms
orin-naughty sweep-compute alu_fp32_v4_c8 PASS 44.2310 ms
orin-naughty sweep-compute alu_fp32_v4_c8 PASS 167.0539 ms
orin-naughty probe alu_fp32_v4_c16 PASS 66.4385 ms
orin-naughty probe sweep-compute_120 0.731 TFLOP/s
orin-naughty sweep-compute alu_fp32_v4_c8 PASS 96.9820 ms
orin-naughty sweep-compute alu_fp32_v4_c8 PASS 375.8845 ms
orin-naughty sweep-compute alu_fp32_v4_c16 PASS 136.3724 ms
orin-naughty sweep-compute alu_fp32_v4_c16 PASS 535.8235 ms
orin-naughty sweep-compute alu_fp32_v4_c16 PASS 260.6422 ms
orin-naughty sweep-compute alu_fp32_v4_c16 PASS 1047.6316 ms
orin-naughty sweep-compute alu_fp16_v4_c1 PASS 6.0020 ms
orin-naughty sweep-compute alu_fp16_v4_c1 PASS 6.1690 ms
orin-naughty sweep-compute alu_fp16_v4_c1 PASS 5.0898 ms
orin-naughty sweep-compute alu_fp16_v4_c1 PASS 6.3718 ms
orin-naughty sweep-compute alu_fp16_v4_c2 PASS 6.0096 ms
orin-naughty sweep-compute alu_fp16_v4_c2 PASS 6.1996 ms
orin-naughty sweep-compute alu_fp16_v4_c2 PASS 6.0915 ms
orin-naughty sweep-compute alu_fp16_v4_c2 PASS 7.2492 ms
orin-naughty sweep-compute alu_fp16_v4_c4 PASS 6.0896 ms
orin-naughty sweep-compute alu_fp16_v4_c4 PASS 8.8994 ms
orin-naughty sweep-compute alu_fp16_v4_c4 PASS 6.2365 ms
orin-naughty sweep-compute alu_fp16_v4_c4 PASS 151.0584 ms
orin-naughty sweep-compute alu_fp16_v4_c8 PASS 60.4370 ms
orin-naughty sweep-compute alu_fp16_v4_c8 PASS 134.9964 ms
orin-naughty probe alu_fp32_v4_c16 PASS 66.4105 ms
orin-naughty probe sweep-compute_140 0.732 TFLOP/s
orin-naughty sweep-compute alu_fp16_v4_c8 PASS 73.0606 ms
orin-naughty sweep-compute alu_fp16_v4_c8 PASS 269.5970 ms
orin-naughty sweep-compute alu_fp16_v4_c16 PASS 79.4203 ms
orin-naughty sweep-compute alu_fp16_v4_c16 PASS 316.9736 ms
orin-naughty sweep-compute alu_fp16_v4_c16 PASS 158.1729 ms
orin-naughty sweep-compute alu_fp16_v4_c16 PASS 632.1519 ms
orin-naughty sweep-compute dot8_c1 PASS 5.9884 ms
orin-naughty sweep-compute dot8_c1 PASS 5.9778 ms
orin-naughty sweep-compute dot8_c1 PASS 6.0064 ms
orin-naughty sweep-compute dot8_c1 PASS 5.9928 ms
orin-naughty sweep-compute dot8_c2 PASS 5.9911 ms
orin-naughty sweep-compute dot8_c2 PASS 6.0190 ms
orin-naughty sweep-compute dot8_c2 PASS 5.9957 ms
orin-naughty sweep-compute dot8_c2 PASS 6.1052 ms
orin-naughty sweep-compute dot8_c4 PASS 6.0032 ms
orin-naughty sweep-compute dot8_c4 PASS 6.0679 ms
orin-naughty sweep-compute dot8_c4 PASS 6.0863 ms
orin-naughty sweep-compute dot8_c4 PASS 6.2321 ms
orin-naughty sweep-compute dot8_c8 PASS 5.9741 ms
orin-naughty sweep-compute dot8_c8 PASS 6.2207 ms
orin-naughty probe alu_fp32_v4_c16 PASS 66.4103 ms
orin-naughty probe sweep-compute_160 0.732 TFLOP/s
orin-naughty sweep-compute dot8_c8 PASS 6.0375 ms
orin-naughty sweep-compute dot8_c8 PASS 6.2796 ms
orin-naughty sweep-compute matrix_fp16_16x16x16_c4 PASS 6.3465 ms
orin-naughty sweep-compute matrix_fp16_16x16x16_c4 PASS 7.2131 ms
orin-naughty sweep-compute matrix_fp16_16x16x16_c8 PASS 7.0983 ms
orin-naughty sweep-compute matrix_fp16_16x16x16_c8 PASS 7.0742 ms
orin-naughty sweep-compute matrix_fp16_fp32_16x16x16_c4 PASS 5.9554 ms
orin-naughty sweep-compute matrix_fp16_fp32_16x16x16_c4 PASS 7.1681 ms
orin-naughty sweep-compute matrix_fp16_fp32_16x16x16_c8 PASS 5.9631 ms
orin-naughty sweep-compute matrix_fp16_fp32_16x16x16_c8 PASS 6.2035 ms
orin-naughty sweep-compute matrix_int8_16x16x32_c4 PASS 5.9559 ms
orin-naughty sweep-compute matrix_int8_16x16x32_c4 PASS 7.1439 ms
orin-naughty sweep-compute matrix_int8_16x16x32_c8 PASS 5.9756 ms
orin-naughty sweep-compute matrix_int8_16x16x32_c8 PASS 6.2259 ms
orin-naughty probe alu_fp32_v4_c16 PASS 66.4391 ms
orin-naughty probe compute_end 0.731 TFLOP/s
=== orin-naughty matrix_feed (36 configurations)
orin-naughty probe matrix_feed_start REUSE probe/alu_fp32_v4_c16_5df74843d18d.jsonl
orin-naughty sweep-matrix-feed matrix_fp16_16x16x16_c1_lds PASS 2.2508 ms
orin-naughty sweep-matrix-feed matrix_fp16_16x16x16_c1_gmem PASS 5.8478 ms
orin-naughty sweep-matrix-feed matrix_fp16_16x16x16_c1_gmem PASS 6.3333 ms
orin-naughty sweep-matrix-feed matrix_fp16_16x16x16_c2_lds PASS 4.7527 ms
orin-naughty sweep-matrix-feed matrix_fp16_16x16x16_c2_gmem PASS 5.8059 ms
orin-naughty sweep-matrix-feed matrix_fp16_16x16x16_c2_gmem PASS 6.2220 ms
orin-naughty probe alu_fp32_v4_c16 PASS 66.4402 ms
orin-naughty probe sweep-matrix-feed_180 0.731 TFLOP/s
orin-naughty sweep-matrix-feed matrix_fp16_16x16x16_c4_lds PASS 3.8035 ms
orin-naughty sweep-matrix-feed matrix_fp16_16x16x16_c4_gmem PASS 5.8320 ms
orin-naughty sweep-matrix-feed matrix_fp16_16x16x16_c4_gmem PASS 6.4063 ms
orin-naughty sweep-matrix-feed matrix_fp16_16x16x16_c8_lds PASS 7.2254 ms
orin-naughty sweep-matrix-feed matrix_fp16_16x16x16_c8_gmem PASS 9.8114 ms
orin-naughty sweep-matrix-feed matrix_fp16_16x16x16_c8_gmem PASS 12.1685 ms
orin-naughty sweep-matrix-feed matrix_fp16_fp32_16x16x16_c1_lds PASS 6.2117 ms
orin-naughty sweep-matrix-feed matrix_fp16_fp32_16x16x16_c1_gmem PASS 6.1269 ms
orin-naughty sweep-matrix-feed matrix_fp16_fp32_16x16x16_c1_gmem PASS 6.2895 ms
orin-naughty sweep-matrix-feed matrix_fp16_fp32_16x16x16_c2_lds PASS 7.2397 ms
orin-naughty sweep-matrix-feed matrix_fp16_fp32_16x16x16_c2_gmem PASS 6.0615 ms
orin-naughty sweep-matrix-feed matrix_fp16_fp32_16x16x16_c2_gmem PASS 6.2111 ms
orin-naughty sweep-matrix-feed matrix_fp16_fp32_16x16x16_c4_lds PASS 6.1200 ms
orin-naughty sweep-matrix-feed matrix_fp16_fp32_16x16x16_c4_gmem PASS 7.8656 ms
orin-naughty sweep-matrix-feed matrix_fp16_fp32_16x16x16_c4_gmem PASS 11.9093 ms
orin-naughty sweep-matrix-feed matrix_fp16_fp32_16x16x16_c8_lds PASS 6.6937 ms
orin-naughty sweep-matrix-feed matrix_fp16_fp32_16x16x16_c8_gmem PASS 18.4334 ms
orin-naughty sweep-matrix-feed matrix_fp16_fp32_16x16x16_c8_gmem PASS 22.7721 ms
orin-naughty sweep-matrix-feed matrix_int8_16x16x32_c1_lds PASS 15.4568 ms
orin-naughty sweep-matrix-feed matrix_int8_16x16x32_c1_gmem PASS 6.2600 ms
orin-naughty probe alu_fp32_v4_c16 PASS 66.4271 ms
orin-naughty probe sweep-matrix-feed_200 0.731 TFLOP/s
orin-naughty sweep-matrix-feed matrix_int8_16x16x32_c1_gmem PASS 6.4050 ms
orin-naughty sweep-matrix-feed matrix_int8_16x16x32_c2_lds PASS 15.4010 ms
orin-naughty sweep-matrix-feed matrix_int8_16x16x32_c2_gmem PASS 6.2907 ms
orin-naughty sweep-matrix-feed matrix_int8_16x16x32_c2_gmem PASS 6.4262 ms
orin-naughty sweep-matrix-feed matrix_int8_16x16x32_c4_lds PASS 11.8579 ms
orin-naughty sweep-matrix-feed matrix_int8_16x16x32_c4_gmem PASS 6.3819 ms
orin-naughty sweep-matrix-feed matrix_int8_16x16x32_c4_gmem PASS 11.2659 ms
orin-naughty sweep-matrix-feed matrix_int8_16x16x32_c8_lds PASS 9.4919 ms
orin-naughty sweep-matrix-feed matrix_int8_16x16x32_c8_gmem PASS 9.9991 ms
orin-naughty sweep-matrix-feed matrix_int8_16x16x32_c8_gmem PASS 19.5272 ms
orin-naughty probe alu_fp32_v4_c16 PASS 66.4172 ms
orin-naughty probe matrix_feed_end 0.732 TFLOP/s
=== orin-naughty texture (12 configurations)
orin-naughty probe texture_start REUSE probe/alu_fp32_v4_c16_9a180906ee73.jsonl
orin-naughty sweep-texture texture_rgba16f_buffer PASS 6.0656 ms
orin-naughty sweep-texture texture_rgba16f_buffer PASS 10.0648 ms
orin-naughty sweep-texture texture_rgba16f_tex2d PASS 6.0405 ms
orin-naughty sweep-texture texture_rgba16f_tex2d PASS 27.5248 ms
orin-naughty sweep-texture texture_rgba16f_tex3d PASS 6.2848 ms
orin-naughty sweep-texture texture_rgba16f_tex3d PASS 13.9738 ms
orin-naughty sweep-texture texture_rgba32f_buffer PASS 6.0912 ms
orin-naughty sweep-texture texture_rgba32f_buffer PASS 9.3813 ms
orin-naughty sweep-texture texture_rgba32f_tex2d PASS 6.0180 ms
orin-naughty sweep-texture texture_rgba32f_tex2d PASS 27.4892 ms
orin-naughty probe alu_fp32_v4_c16 PASS 66.3950 ms
orin-naughty probe sweep-texture_220 0.732 TFLOP/s
orin-naughty sweep-texture texture_rgba32f_tex3d PASS 6.2914 ms
orin-naughty sweep-texture texture_rgba32f_tex3d PASS 13.8152 ms
orin-naughty probe alu_fp32_v4_c16 PASS 66.4045 ms
orin-naughty probe texture_end 0.732 TFLOP/s
=== orin-naughty shared (56 configurations)
orin-naughty probe shared_start REUSE probe/alu_fp32_v4_c16_6d64e8b2a284.jsonl
orin-naughty sweep-shared sharedbw_fp32_v2_op0 PASS 6.0094 ms
orin-naughty sweep-shared sharedbw_fp32_v2_op0 PASS 5.8287 ms
orin-naughty sweep-shared sharedbw_fp32_v2_op0 PASS 5.9331 ms
orin-naughty sweep-shared sharedbw_fp32_v2_op0 PASS 5.8611 ms
orin-naughty sweep-shared sharedbw_fp32_v2_op0 PASS 5.9913 ms
orin-naughty sweep-shared sharedbw_fp32_v2_op0 PASS 5.9119 ms
orin-naughty sweep-shared sharedbw_fp32_v2_op2 PASS 5.9854 ms
orin-naughty sweep-shared sharedbw_fp32_v2_op2 PASS 5.9719 ms
orin-naughty sweep-shared sharedbw_fp32_v2_op2 PASS 5.9588 ms
orin-naughty sweep-shared sharedbw_fp32_v2_op2 PASS 5.9830 ms
orin-naughty sweep-shared sharedbw_fp32_v2_op0_acc32 PASS 5.8475 ms
orin-naughty sweep-shared sharedbw_fp32_v2_op0_acc32 PASS 6.1094 ms
orin-naughty sweep-shared sharedbw_fp32_v2_op0_acc32 PASS 5.8110 ms
orin-naughty sweep-shared sharedbw_fp32_v2_op0_acc32 PASS 5.9078 ms
orin-naughty sweep-shared sharedbw_fp16_v2_op0 PASS 0.1888 ms
orin-naughty sweep-shared sharedbw_fp16_v2_op0 PASS 0.9654 ms
orin-naughty sweep-shared sharedbw_fp16_v2_op0 PASS 3.9738 ms
orin-naughty sweep-shared sharedbw_fp16_v2_op0 PASS 0.9840 ms
orin-naughty probe alu_fp32_v4_c16 PASS 66.3824 ms
orin-naughty probe sweep-shared_240 0.732 TFLOP/s
orin-naughty sweep-shared sharedbw_fp16_v2_op0 PASS 6.2079 ms
orin-naughty sweep-shared sharedbw_fp16_v2_op0 PASS 0.8955 ms
orin-naughty sweep-shared sharedbw_fp16_v2_op0 PASS 1.1388 ms
orin-naughty sweep-shared sharedbw_fp16_v2_op2 PASS 6.2125 ms
orin-naughty sweep-shared sharedbw_fp16_v2_op2 PASS 6.1183 ms
orin-naughty sweep-shared sharedbw_fp16_v2_op2 PASS 6.1404 ms
orin-naughty sweep-shared sharedbw_fp16_v2_op2 PASS 6.1396 ms
orin-naughty sweep-shared sharedbw_fp16_v2_op2 PASS 6.0950 ms
orin-naughty sweep-shared sharedbw_fp16_v2_op0_acc32 PASS 2.0836 ms
orin-naughty sweep-shared sharedbw_fp16_v2_op0_acc32 PASS 6.8596 ms
orin-naughty sweep-shared sharedbw_fp16_v2_op0_acc32 PASS 2.0887 ms
orin-naughty sweep-shared sharedbw_fp16_v2_op0_acc32 PASS 4.9613 ms
orin-naughty sweep-shared sharedbw_fp16_v2_op0_acc32 PASS 3.9067 ms
orin-naughty sweep-shared sharedbw_fp32_v4_op0 PASS 5.7440 ms
orin-naughty sweep-shared sharedbw_fp32_v4_op0 PASS 5.8649 ms
orin-naughty sweep-shared sharedbw_fp32_v4_op0 PASS 5.7507 ms
orin-naughty sweep-shared sharedbw_fp32_v4_op0 PASS 5.8302 ms
orin-naughty sweep-shared sharedbw_fp32_v4_op0 PASS 5.9103 ms
orin-naughty sweep-shared sharedbw_fp32_v4_op2 PASS 5.9718 ms
orin-naughty sweep-shared sharedbw_fp32_v4_op2 PASS 5.9772 ms
orin-naughty probe alu_fp32_v4_c16 PASS 66.3812 ms
orin-naughty probe sweep-shared_260 0.732 TFLOP/s
orin-naughty sweep-shared sharedbw_fp32_v4_op2 PASS 6.0122 ms
orin-naughty sweep-shared sharedbw_fp32_v4_op0_acc32 PASS 5.9405 ms
orin-naughty sweep-shared sharedbw_fp32_v4_op0_acc32 PASS 6.1105 ms
orin-naughty sweep-shared sharedbw_fp32_v4_op0_acc32 PASS 5.7527 ms
orin-naughty sweep-shared sharedbw_fp16_v4_op0 PASS 0.2502 ms
orin-naughty sweep-shared sharedbw_fp16_v4_op0 PASS 1.3976 ms
orin-naughty sweep-shared sharedbw_fp16_v4_op0 PASS 4.5232 ms
orin-naughty sweep-shared sharedbw_fp16_v4_op0 PASS 1.4269 ms
orin-naughty sweep-shared sharedbw_fp16_v4_op0 PASS 1.1004 ms
orin-naughty sweep-shared sharedbw_fp16_v4_op0 PASS 1.2852 ms
orin-naughty sweep-shared sharedbw_fp16_v4_op2 PASS 6.0110 ms
orin-naughty sweep-shared sharedbw_fp16_v4_op2 PASS 6.4033 ms
orin-naughty sweep-shared sharedbw_fp16_v4_op2 PASS 6.6642 ms
orin-naughty sweep-shared sharedbw_fp16_v4_op2 PASS 6.4369 ms
orin-naughty sweep-shared sharedbw_fp16_v4_op0_acc32 PASS 2.5299 ms
orin-naughty sweep-shared sharedbw_fp16_v4_op0_acc32 PASS 11.2380 ms
orin-naughty sweep-shared sharedbw_fp16_v4_op0_acc32 PASS 2.6239 ms
orin-naughty sweep-shared sharedbw_fp16_v4_op0_acc32 PASS 2.6167 ms
orin-naughty probe alu_fp32_v4_c16 PASS 66.3957 ms
orin-naughty probe shared_end 0.732 TFLOP/s
=== orin-naughty latency (10 configurations)
orin-naughty probe latency_start REUSE probe/alu_fp32_v4_c16_2621eb3699be.jsonl
orin-naughty latency-capacity pchase PASS 5.1624 ms
orin-naughty latency-capacity pchase PASS 5.2073 ms
orin-naughty probe alu_fp32_v4_c16 PASS 66.4083 ms
orin-naughty probe latency-capacity_280 0.732 TFLOP/s
orin-naughty latency-capacity pchase PASS 5.3936 ms
orin-naughty latency-capacity pchase PASS 6.1317 ms
orin-naughty latency-capacity pchase PASS 22.2683 ms
orin-naughty latency-capacity pchase PASS 33.4075 ms
orin-naughty latency-capacity pchase PASS 137.8925 ms
orin-naughty latency-capacity pchase PASS 552.7670 ms
orin-naughty latency-capacity pchase PASS 1104.3410 ms
orin-naughty latency-capacity pchase PASS 1193.2295 ms
orin-naughty probe alu_fp32_v4_c16 PASS 66.3967 ms
orin-naughty probe latency_end 0.732 TFLOP/s
orin-naughty probe confirm_start REUSE probe/alu_fp32_v4_c16_3fb83f1bd2b3.jsonl
orin-naughty confirm alu_fp16_v2_c16 PASS 68.1076 ms
orin-naughty confirm alu_fp16_v2_c16 PASS 233.4967 ms
orin-naughty confirm alu_fp32_v1_c8 PASS 5.9755 ms
orin-naughty confirm alu_fp32_v1_c8 PASS 6.4540 ms
orin-naughty confirm mem_read_v4 PASS 5.9594 ms
orin-naughty confirm mem_read_v4 PASS 5.9788 ms
orin-naughty confirm dot8_c8 PASS 6.0341 ms
orin-naughty confirm dot8_c8 PASS 6.0350 ms
orin-naughty confirm matrix_fp16_16x16x16_c8 PASS 5.6633 ms
orin-naughty confirm matrix_fp16_16x16x16_c8 PASS 7.0925 ms
orin-naughty confirm matrix_fp16_16x16x16_c8_gmem PASS 9.7836 ms
orin-naughty confirm matrix_fp16_16x16x16_c4_gmem PASS 5.1201 ms
orin-naughty probe alu_fp32_v4_c16 PASS 66.3797 ms
orin-naughty probe confirm_300 0.732 TFLOP/s
orin-naughty confirm matrix_fp16_16x16x16_c4_gmem PASS 6.3951 ms
orin-naughty confirm matrix_fp16_16x16x16_c1_gmem PASS 6.3307 ms
orin-naughty confirm matrix_fp16_16x16x16_c8_lds PASS 7.2209 ms
orin-naughty confirm matrix_fp16_fp32_16x16x16_c8 PASS 5.9582 ms
orin-naughty confirm matrix_fp16_fp32_16x16x16_c4 PASS 5.9830 ms
orin-naughty confirm matrix_fp16_fp32_16x16x16_c8_gmem PASS 13.8067 ms
orin-naughty confirm matrix_fp16_fp32_16x16x16_c4_gmem PASS 7.7116 ms
orin-naughty confirm matrix_fp16_fp32_16x16x16_c1_gmem PASS 6.2889 ms
orin-naughty confirm matrix_fp16_fp32_16x16x16_c4_gmem PASS 11.5636 ms
orin-naughty confirm matrix_fp16_fp32_16x16x16_c8_lds PASS 6.6892 ms
orin-naughty confirm matrix_fp16_fp32_16x16x16_c4_lds PASS 6.1169 ms
orin-naughty confirm matrix_int8_16x16x32_c4 PASS 5.9576 ms
orin-naughty confirm matrix_int8_16x16x32_c8 PASS 5.9737 ms
orin-naughty confirm matrix_int8_16x16x32_c8_gmem PASS 10.1567 ms
orin-naughty confirm matrix_int8_16x16x32_c4_gmem PASS 6.3864 ms
orin-naughty confirm matrix_int8_16x16x32_c4_gmem PASS 12.7451 ms
orin-naughty confirm matrix_int8_16x16x32_c1_gmem PASS 6.4024 ms
orin-naughty confirm matrix_int8_16x16x32_c8_lds PASS 9.2553 ms
orin-naughty confirm matrix_int8_16x16x32_c4_lds PASS 12.7836 ms
orin-naughty confirm mem_read_v4 PASS 8.6890 ms
orin-naughty probe alu_fp32_v4_c16 PASS 66.4053 ms
orin-naughty probe confirm_320 0.732 TFLOP/s
orin-naughty confirm mem_read_v4 PASS 54.9822 ms
orin-naughty confirm mem_write_v4 PASS 9.2322 ms
orin-naughty confirm mem_write_v4 PASS 18.5259 ms
orin-naughty confirm mem_copy_v4 PASS 16.7652 ms
orin-naughty confirm mem_copy_v4 PASS 8.4186 ms
orin-naughty confirm mem_triad_v4 PASS 16.7095 ms
orin-naughty confirm sharedbw_fp16_v2_op0 PASS 6.2089 ms
orin-naughty confirm sharedbw_fp16_v4_op0_acc32 PASS 11.2378 ms
orin-naughty confirm sharedbw_fp16_v4_op2 PASS 6.0127 ms
orin-naughty confirm sharedbw_fp16_v4_op2 PASS 6.4372 ms
orin-naughty confirm sharedbw_fp32_v2_op0 PASS 5.9767 ms
orin-naughty confirm sharedbw_fp32_v4_op0 PASS 5.8784 ms
orin-naughty confirm sharedbw_fp32_v4_op2 PASS 5.9985 ms
orin-naughty confirm sharedbw_fp32_v4_op2 PASS 5.9712 ms
orin-naughty confirm texture_rgba16f_buffer PASS 6.0708 ms
orin-naughty confirm texture_rgba16f_buffer PASS 10.0802 ms
orin-naughty confirm texture_rgba16f_tex2d PASS 5.7648 ms
orin-naughty confirm texture_rgba16f_tex2d PASS 27.5263 ms
orin-naughty confirm texture_rgba16f_tex3d PASS 6.2793 ms
orin-naughty confirm texture_rgba16f_tex3d PASS 13.9392 ms
orin-naughty probe alu_fp32_v4_c16 PASS 66.3783 ms
orin-naughty probe confirm_340 0.732 TFLOP/s
orin-naughty confirm texture_rgba32f_buffer PASS 6.0797 ms
orin-naughty confirm texture_rgba32f_buffer PASS 9.3774 ms
orin-naughty confirm texture_rgba32f_tex2d PASS 6.0307 ms
orin-naughty confirm texture_rgba32f_tex2d PASS 27.4761 ms
orin-naughty confirm texture_rgba32f_tex3d PASS 6.2831 ms
orin-naughty confirm texture_rgba32f_tex3d PASS 13.8106 ms
orin-naughty confirm texture_rgba32f_tex3d PASS 13.8128 ms
orin-naughty confirm texture_rgba32f_tex3d PASS 6.2838 ms
orin-naughty confirm texture_rgba32f_tex2d PASS 27.4800 ms
orin-naughty confirm texture_rgba32f_tex2d PASS 6.3245 ms
orin-naughty confirm texture_rgba32f_buffer PASS 9.3767 ms
orin-naughty confirm texture_rgba32f_buffer PASS 6.0825 ms
orin-naughty confirm texture_rgba16f_tex3d PASS 13.9927 ms
orin-naughty confirm texture_rgba16f_tex3d PASS 6.2757 ms
orin-naughty confirm texture_rgba16f_tex2d PASS 27.5245 ms
orin-naughty confirm texture_rgba16f_tex2d PASS 6.0525 ms
orin-naughty confirm texture_rgba16f_buffer PASS 10.0765 ms
orin-naughty confirm texture_rgba16f_buffer PASS 6.0686 ms
orin-naughty confirm sharedbw_fp32_v4_op2 PASS 5.9760 ms
orin-naughty confirm sharedbw_fp32_v4_op2 PASS 5.9943 ms
orin-naughty probe alu_fp32_v4_c16 PASS 66.3840 ms
orin-naughty probe confirm_360 0.732 TFLOP/s
orin-naughty confirm sharedbw_fp32_v4_op0 PASS 5.8798 ms
orin-naughty confirm sharedbw_fp32_v2_op0 PASS 6.0101 ms
orin-naughty confirm sharedbw_fp16_v4_op2 PASS 6.4381 ms
orin-naughty confirm sharedbw_fp16_v4_op2 PASS 6.0130 ms
orin-naughty confirm sharedbw_fp16_v4_op0_acc32 PASS 11.2379 ms
orin-naughty confirm sharedbw_fp16_v2_op0 PASS 6.2105 ms
orin-naughty confirm mem_triad_v4 PASS 16.6979 ms
orin-naughty confirm mem_copy_v4 PASS 8.4200 ms
orin-naughty confirm mem_copy_v4 PASS 16.7845 ms
orin-naughty confirm mem_write_v4 PASS 18.5234 ms
orin-naughty confirm mem_write_v4 PASS 9.2495 ms
orin-naughty confirm mem_read_v4 PASS 54.9650 ms
orin-naughty confirm mem_read_v4 PASS 8.6904 ms
orin-naughty confirm matrix_int8_16x16x32_c4_lds PASS 11.2737 ms
orin-naughty confirm matrix_int8_16x16x32_c8_lds PASS 9.2507 ms
orin-naughty confirm matrix_int8_16x16x32_c1_gmem PASS 6.4066 ms
orin-naughty confirm matrix_int8_16x16x32_c4_gmem PASS 8.9603 ms
orin-naughty confirm matrix_int8_16x16x32_c4_gmem PASS 6.3815 ms
orin-naughty confirm matrix_int8_16x16x32_c8_gmem PASS 13.4332 ms
orin-naughty confirm matrix_int8_16x16x32_c8 PASS 5.9745 ms
orin-naughty probe alu_fp32_v4_c16 PASS 66.3919 ms
orin-naughty probe confirm_380 0.732 TFLOP/s
orin-naughty confirm matrix_int8_16x16x32_c4 PASS 5.9563 ms
orin-naughty confirm matrix_fp16_fp32_16x16x16_c4_lds PASS 6.1161 ms
orin-naughty confirm matrix_fp16_fp32_16x16x16_c8_lds PASS 7.2348 ms
orin-naughty confirm matrix_fp16_fp32_16x16x16_c4_gmem PASS 11.5324 ms
orin-naughty confirm matrix_fp16_fp32_16x16x16_c1_gmem PASS 6.2917 ms
orin-naughty confirm matrix_fp16_fp32_16x16x16_c4_gmem PASS 8.8383 ms
orin-naughty confirm matrix_fp16_fp32_16x16x16_c8_gmem PASS 13.7916 ms
orin-naughty confirm matrix_fp16_fp32_16x16x16_c4 PASS 5.9708 ms
orin-naughty confirm matrix_fp16_fp32_16x16x16_c8 PASS 5.9594 ms
orin-naughty confirm matrix_fp16_16x16x16_c8_lds PASS 7.2207 ms
orin-naughty confirm matrix_fp16_16x16x16_c1_gmem PASS 6.3273 ms
orin-naughty confirm matrix_fp16_16x16x16_c4_gmem PASS 6.4075 ms
orin-naughty confirm matrix_fp16_16x16x16_c4_gmem PASS 5.8338 ms
orin-naughty confirm matrix_fp16_16x16x16_c8_gmem PASS 7.7565 ms
orin-naughty confirm matrix_fp16_16x16x16_c8 PASS 7.0966 ms
orin-naughty confirm matrix_fp16_16x16x16_c8 PASS 5.3381 ms
orin-naughty confirm dot8_c8 PASS 5.8470 ms
orin-naughty confirm dot8_c8 PASS 6.0357 ms
orin-naughty confirm mem_read_v4 PASS 5.9784 ms
orin-naughty confirm mem_read_v4 PASS 5.9608 ms
orin-naughty probe alu_fp32_v4_c16 PASS 66.4020 ms
orin-naughty probe confirm_400 0.732 TFLOP/s
orin-naughty confirm alu_fp32_v1_c8 PASS 6.4548 ms
orin-naughty confirm alu_fp32_v1_c8 PASS 5.5376 ms
orin-naughty confirm alu_fp16_v2_c16 PASS 233.5819 ms
orin-naughty confirm alu_fp16_v2_c16 PASS 68.1269 ms
orin-naughty confirm alu_fp16_v2_c16 PASS 68.1484 ms
orin-naughty confirm alu_fp16_v2_c16 PASS 233.5232 ms
orin-naughty confirm alu_fp32_v1_c8 PASS 5.6457 ms
orin-naughty confirm alu_fp32_v1_c8 PASS 6.4519 ms
orin-naughty confirm mem_read_v4 PASS 5.9618 ms
orin-naughty confirm mem_read_v4 PASS 5.9815 ms
orin-naughty confirm dot8_c8 PASS 6.0358 ms
orin-naughty confirm dot8_c8 PASS 6.0377 ms
orin-naughty confirm matrix_fp16_16x16x16_c8 PASS 5.9896 ms
orin-naughty confirm matrix_fp16_16x16x16_c8 PASS 7.0961 ms
orin-naughty confirm matrix_fp16_16x16x16_c8_gmem PASS 9.7924 ms
orin-naughty confirm matrix_fp16_16x16x16_c4_gmem PASS 5.6842 ms
orin-naughty confirm matrix_fp16_16x16x16_c4_gmem PASS 6.3966 ms
orin-naughty confirm matrix_fp16_16x16x16_c1_gmem PASS 6.3327 ms
orin-naughty confirm matrix_fp16_16x16x16_c8_lds PASS 7.2213 ms
orin-naughty confirm matrix_fp16_fp32_16x16x16_c8 PASS 5.9575 ms
orin-naughty probe alu_fp32_v4_c16 PASS 66.4010 ms
orin-naughty probe confirm_420 0.732 TFLOP/s
orin-naughty confirm matrix_fp16_fp32_16x16x16_c4 PASS 5.9820 ms
orin-naughty confirm matrix_fp16_fp32_16x16x16_c8_gmem PASS 17.0731 ms
orin-naughty confirm matrix_fp16_fp32_16x16x16_c4_gmem PASS 9.1099 ms
orin-naughty confirm matrix_fp16_fp32_16x16x16_c1_gmem PASS 6.2919 ms
orin-naughty confirm matrix_fp16_fp32_16x16x16_c4_gmem PASS 11.9022 ms
orin-naughty confirm matrix_fp16_fp32_16x16x16_c8_lds PASS 6.6901 ms
orin-naughty confirm matrix_fp16_fp32_16x16x16_c4_lds PASS 5.4213 ms
orin-naughty confirm matrix_int8_16x16x32_c4 PASS 5.9571 ms
orin-naughty confirm matrix_int8_16x16x32_c8 PASS 5.9749 ms
orin-naughty confirm matrix_int8_16x16x32_c8_gmem PASS 10.7455 ms
orin-naughty confirm matrix_int8_16x16x32_c4_gmem PASS 6.3866 ms
orin-naughty confirm matrix_int8_16x16x32_c4_gmem PASS 10.9565 ms
orin-naughty confirm matrix_int8_16x16x32_c1_gmem PASS 6.4098 ms
orin-naughty confirm matrix_int8_16x16x32_c8_lds PASS 9.1274 ms
orin-naughty confirm matrix_int8_16x16x32_c4_lds PASS 11.1752 ms
orin-naughty confirm mem_read_v4 PASS 8.6937 ms
orin-naughty confirm mem_read_v4 PASS 54.9562 ms
orin-naughty confirm mem_write_v4 PASS 9.2427 ms
orin-naughty confirm mem_write_v4 PASS 18.5480 ms
orin-naughty confirm mem_copy_v4 PASS 16.7524 ms
orin-naughty probe alu_fp32_v4_c16 PASS 66.3993 ms
orin-naughty probe confirm_440 0.732 TFLOP/s
orin-naughty confirm mem_copy_v4 PASS 8.4239 ms
orin-naughty confirm mem_triad_v4 PASS 16.7192 ms
orin-naughty confirm sharedbw_fp16_v2_op0 PASS 6.2096 ms
orin-naughty confirm sharedbw_fp16_v4_op0_acc32 PASS 11.2381 ms
orin-naughty confirm sharedbw_fp16_v4_op2 PASS 6.0178 ms
orin-naughty confirm sharedbw_fp16_v4_op2 PASS 6.4398 ms
orin-naughty confirm sharedbw_fp32_v2_op0 PASS 5.9862 ms
orin-naughty confirm sharedbw_fp32_v4_op0 PASS 5.8967 ms
orin-naughty confirm sharedbw_fp32_v4_op2 PASS 5.9831 ms
orin-naughty confirm sharedbw_fp32_v4_op2 PASS 5.9758 ms
orin-naughty confirm texture_rgba16f_buffer PASS 6.0716 ms
orin-naughty confirm texture_rgba16f_buffer PASS 10.0872 ms
orin-naughty confirm texture_rgba16f_tex2d PASS 6.0779 ms
orin-naughty confirm texture_rgba16f_tex2d PASS 27.5221 ms
orin-naughty confirm texture_rgba16f_tex3d PASS 6.2828 ms
orin-naughty confirm texture_rgba16f_tex3d PASS 13.9798 ms
orin-naughty confirm texture_rgba32f_buffer PASS 6.0818 ms
orin-naughty confirm texture_rgba32f_buffer PASS 9.4061 ms
orin-naughty confirm texture_rgba32f_tex2d PASS 6.0476 ms
orin-naughty confirm texture_rgba32f_tex2d PASS 27.4805 ms
orin-naughty probe alu_fp32_v4_c16 PASS 66.3827 ms
orin-naughty probe confirm_460 0.732 TFLOP/s
orin-naughty confirm texture_rgba32f_tex3d PASS 6.2913 ms
orin-naughty confirm texture_rgba32f_tex3d PASS 13.8114 ms
orin-naughty probe alu_fp32_v4_c16 PASS 66.3789 ms
orin-naughty probe confirm_end 0.732 TFLOP/s
=== orin-naughty sustain
orin-naughty probe alu_fp32_v4_c16 PASS 66.3913 ms
orin-naughty probe sustain_0 0.732 TFLOP/s
orin-naughty sustain-preflight-0 alu_fp16_v2_c16 PASS 233.5084 ms
orin-naughty sustain-0 alu_fp16_v2_c16 PASS 233.4875 ms
orin-naughty sustain-preflight-0 matrix_fp16_fp32_16x16x16_c8 PASS 5.9608 ms
orin-naughty sustain-0 matrix_fp16_fp32_16x16x16_c8 PASS 5.9598 ms
orin-naughty sustain-preflight-0 mem_read_v4 PASS 8.6854 ms
orin-naughty sustain-0 mem_read_v4 PASS 8.6934 ms
Report: /home/doremy/roofline-study-20261010/partA/results/orin-naughty/report/REPORT.md
