Plan 'fast' on local GPU (orin-naughty); results in /home/doremy/roofline-study-20261010/reuse-confirm/cache-c2/results/orin-naughty
2 configurations before confirmation; sustained: no
8 matrix shapes are not compiled; see matrix-coverage.json
  offline ISA skipped: no public offline compiler for this GPU
=== orin-naughty matrix_feed (2 configurations)
orin-naughty probe alu_fp32_v4_c16 PASS 63.8437 ms
orin-naughty probe matrix_feed_start 0.732 TFLOP/s
orin-naughty sweep-matrix-feed matrix_fp16_fp32_16x16x16_c2_gmem PASS 6.0755 ms
orin-naughty sweep-matrix-feed matrix_fp16_fp32_16x16x16_c2_gmem PASS 6.4837 ms
orin-naughty probe alu_fp32_v4_c16 PASS 63.8281 ms
orin-naughty probe matrix_feed_end 0.732 TFLOP/s
orin-naughty probe confirm_start REUSE probe/alu_fp32_v4_c16_5d3ba1c53eef.jsonl
orin-naughty confirm matrix_fp16_fp32_16x16x16_c2_gmem PASS 6.7812 ms
orin-naughty confirm matrix_fp16_fp32_16x16x16_c2_gmem PASS 6.4951 ms
orin-naughty confirm matrix_fp16_fp32_16x16x16_c2_gmem PASS 6.5079 ms
orin-naughty confirm matrix_fp16_fp32_16x16x16_c2_gmem PASS 6.2791 ms
orin-naughty confirm matrix_fp16_fp32_16x16x16_c2_gmem PASS 6.2556 ms
orin-naughty confirm matrix_fp16_fp32_16x16x16_c2_gmem PASS 6.2192 ms
orin-naughty probe alu_fp32_v4_c16 PASS 63.8499 ms
orin-naughty probe confirm_end 0.732 TFLOP/s
Report: /home/doremy/roofline-study-20261010/reuse-confirm/cache-c2/results/orin-naughty/report/REPORT.md
