Plan 'fast' on local GPU (orin-naughty); results in /home/doremy/roofline-study-20261010/reuse-confirm/shared/results/orin-naughty
3 configurations before confirmation; sustained: no
8 matrix shapes are not compiled; see matrix-coverage.json
  offline ISA skipped: no public offline compiler for this GPU
=== orin-naughty matrix_feed (3 configurations)
orin-naughty probe alu_fp32_v4_c16 PASS 63.0900 ms
orin-naughty probe matrix_feed_start 0.732 TFLOP/s
orin-naughty sweep-matrix-feed matrix_fp16_16x16x16_c4_lds PASS 3.7994 ms
orin-naughty sweep-matrix-feed matrix_fp16_fp32_16x16x16_c2_lds PASS 7.1345 ms
orin-naughty sweep-matrix-feed matrix_int8_16x16x32_c2_lds PASS 14.0918 ms
orin-naughty probe alu_fp32_v4_c16 PASS 63.1113 ms
orin-naughty probe matrix_feed_end 0.732 TFLOP/s
orin-naughty probe confirm_start REUSE probe/alu_fp32_v4_c16_ccaa5f20c2dd.jsonl
orin-naughty confirm matrix_fp16_fp32_16x16x16_c2_lds PASS 7.3738 ms
orin-naughty confirm matrix_int8_16x16x32_c2_lds PASS 14.0993 ms
orin-naughty confirm matrix_int8_16x16x32_c2_lds PASS 14.1255 ms
orin-naughty confirm matrix_fp16_fp32_16x16x16_c2_lds PASS 7.2387 ms
orin-naughty confirm matrix_fp16_fp32_16x16x16_c2_lds PASS 7.4125 ms
orin-naughty confirm matrix_int8_16x16x32_c2_lds PASS 14.1003 ms
orin-naughty probe alu_fp32_v4_c16 PASS 63.0973 ms
orin-naughty probe confirm_end 0.732 TFLOP/s
Report: /home/doremy/roofline-study-20261010/reuse-confirm/shared/results/orin-naughty/report/REPORT.md
